
Map of ..\..\..\stvd\cosmic\stm8af_discover.sm8 from link file ..\..\..\stvd\cosmic\stm8af_discover.lkf - Sun Jun 05 16:18:07 2016


                               --------
                               Segments
                               --------

start 00008080 end 0000828e length   526 segment .const
start 0000831a end 0000cf4f length 19509 segment .text
start 00004000 end 00004000 length     0 segment .eeprom
start 00000000 end 00000000 length     0 segment .bsct
start 00000000 end 0000000a length    10 segment .ubsct
start 0000000a end 0000000a length     0 segment .bit
start 0000000a end 0000000a length     0 segment .share
start 00000100 end 00000184 length   132 segment .data, initialized
start 00008296 end 0000831a length   132 segment .data, from
start 00000184 end 00000212 length   142 segment .bss
start 00000000 end 00000f42 length  3906 segment .info.
start 00000000 end 0000dd77 length 56695 segment .debug
start 00008000 end 00008080 length   128 segment .const
start 0000828e end 00008296 length     8 segment .init


                               -------
                               Modules
                               -------

C:\Program Files (x86)\COSMIC\FSE_Compilers\CXSTM8\Lib\crtsi0.sm8:
start 0000831a end 0000836a length    80 section .text
start 00000184 end 00000184 length     0 section .bss
start 00000000 end 00000000 length     0 section .ubsct
start 00000000 end 0000002f length    47 section .info.

..\..\..\stvd\cosmic\stm8s_exti.o:
start 0000836a end 000084a9 length   319 section .text
start 00000000 end 00000487 length  1159 section .debug
start 0000002f end 000000ce length   159 section .info.
start 00008080 end 000080be length    62 section .const

..\..\..\stvd\cosmic\stm8s_adc2.o:
start 000084a9 end 000088dc length  1075 section .text
start 00000487 end 0000139c length  3861 section .debug
start 000000ce end 0000016d length   159 section .info.
start 000080be end 000080fc length    62 section .const

..\..\..\stvd\cosmic\stm8s_can.o:
start 000088dc end 00009662 length  3462 section .text
start 00000100 end 00000110 length    16 section .data
start 0000139c end 00003a89 length  9965 section .debug
start 0000016d end 0000020b length   158 section .info.
start 000080fc end 00008141 length    69 section .const

..\..\..\stvd\cosmic\stm8s_clk.o:
start 00009662 end 00009c2d length  1483 section .text
start 00003a89 end 000050e0 length  5719 section .debug
start 0000020b end 000002a9 length   158 section .info.
start 00008141 end 0000818a length    73 section .const

..\..\..\stvd\cosmic\stm8s_gpio.o:
start 00009c2d end 00009d41 length   276 section .text
start 000050e0 end 00005ae6 length  2566 section .debug
start 000002a9 end 00000348 length   159 section .info.
start 0000818a end 000081c8 length    62 section .const

..\..\..\stvd\cosmic\stm8s_spi.o:
start 00009d41 end 0000a07a length   825 section .text
start 00005ae6 end 000069fe length  3864 section .debug
start 00000348 end 000003e6 length   158 section .info.
start 000081c8 end 00008205 length    61 section .const

..\..\..\stvd\cosmic\stm8s_tim4.o:
start 0000a07a end 0000a2cc length   594 section .text
start 000069fe end 000075a1 length  2979 section .debug
start 000003e6 end 00000485 length   159 section .info.
start 00008205 end 00008243 length    62 section .const

..\..\..\stvd\cosmic\stm8s_uart3.o:
start 0000a2cc end 0000a87c length  1456 section .text
start 000075a1 end 00008691 length  4336 section .debug
start 00000485 end 00000525 length   160 section .info.
start 00008243 end 0000828a length    71 section .const

..\..\..\stvd\cosmic\adcio.o:
start ******** end ******** length     0 section .text *** removed ***
start ******** end ******** length     0 section .data *** removed ***
start 00008691 end 000087af length   286 section .debug
start 00000525 end 000005bf length   154 section .info.

..\..\..\stvd\cosmic\appli.o:
start 0000a87c end 0000afeb length  1903 section .text
start 00000110 end 00000117 length     7 section .data
start 00000184 end 00000186 length     2 section .bss
start 000087af end 00008cd1 length  1314 section .debug
start 000005bf end 00000659 length   154 section .info.
start 0000828a end 0000828e length     4 section .const

..\..\..\stvd\cosmic\adc.o:
start 0000afeb end 0000b012 length    39 section .text
start 00000117 end 00000119 length     2 section .data
start 00008cd1 end 00008de6 length   277 section .debug
start 00000659 end 000006f1 length   152 section .info.

..\..\..\stvd\cosmic\can.o:
start 0000b012 end 0000b24c length   570 section .text
start 00000119 end 0000012f length    22 section .data
start 00000186 end 000001a6 length    32 section .bss
start 00008de6 end 0000a15c length  4982 section .debug
start 000006f1 end 00000789 length   152 section .info.

..\..\..\stvd\cosmic\l99pm62drv.o:
start 0000b24c end 0000c1ce length  3970 section .text
start 0000012f end 00000131 length     2 section .data
start 000001a6 end 000001ca length    36 section .bss
start 0000a15c end 0000c49b length  9023 section .debug
start 00000789 end 00000828 length   159 section .info.

..\..\..\stvd\cosmic\lin.o:
start 0000c1ce end 0000c87e length  1712 section .text
start 00000131 end 00000176 length    69 section .data
start 000001ca end 00000212 length    72 section .bss
start 0000c49b end 0000d027 length  2956 section .debug
start 00000828 end 000008c0 length   152 section .info.

..\..\..\stvd\cosmic\main.o:
start 0000c87e end 0000ca3a length   444 section .text
start 00000176 end 00000183 length    13 section .data
start 0000d027 end 0000d45c length  1077 section .debug
start 000008c0 end 00000959 length   153 section .info.

..\..\..\stvd\cosmic\stm8s_it.o:
start 0000ca3a end 0000cbbe length   388 section .text
start 00000183 end 00000184 length     1 section .data
start 0000d45c end 0000dc51 length  2037 section .debug
start 00000959 end 000009f6 length   157 section .info.

(C:\Program Files (x86)\COSMIC\FSE_Compilers\CXSTM8\Lib\libm0.sm8)fdiv.o:
start 0000cbbe end 0000cc42 length   132 section .text
start 000009f6 end 00000a24 length    46 section .info.

(C:\Program Files (x86)\COSMIC\FSE_Compilers\CXSTM8\Lib\libm0.sm8)ftol.o:
start 0000cc42 end 0000cca4 length    98 section .text
start 00000a24 end 00000a52 length    46 section .info.

(C:\Program Files (x86)\COSMIC\FSE_Compilers\CXSTM8\Lib\libm0.sm8)itof.o:
start 0000cca4 end 0000ccd2 length    46 section .text
start 00000a52 end 00000a80 length    46 section .info.

(C:\Program Files (x86)\COSMIC\FSE_Compilers\CXSTM8\Lib\libm0.sm8)lcmp.o:
start 0000ccd2 end 0000ccf2 length    32 section .text
start 00000a80 end 00000aae length    46 section .info.

(C:\Program Files (x86)\COSMIC\FSE_Compilers\CXSTM8\Lib\libm0.sm8)lgsbc.o:
start 0000ccf2 end 0000cd08 length    22 section .text
start 00000aae end 00000add length    47 section .info.

(C:\Program Files (x86)\COSMIC\FSE_Compilers\CXSTM8\Lib\libm0.sm8)lgursh.o:
start 0000cd08 end 0000cd16 length    14 section .text
start 00000add end 00000b0d length    48 section .info.

(C:\Program Files (x86)\COSMIC\FSE_Compilers\CXSTM8\Lib\libm0.sm8)llsh.o:
start 0000cd16 end 0000cd25 length    15 section .text
start 00000b0d end 00000b3b length    46 section .info.

(C:\Program Files (x86)\COSMIC\FSE_Compilers\CXSTM8\Lib\libm0.sm8)lor.o:
start 0000cd25 end 0000cd3d length    24 section .text
start 00000b3b end 00000b68 length    45 section .info.

(C:\Program Files (x86)\COSMIC\FSE_Compilers\CXSTM8\Lib\libm0.sm8)lreg.o:
start 00000000 end 00000004 length     4 section .ubsct
start 00000b68 end 00000b96 length    46 section .info.

(C:\Program Files (x86)\COSMIC\FSE_Compilers\CXSTM8\Lib\libm0.sm8)lsub.o:
start 0000cd3d end 0000cd55 length    24 section .text
start 00000b96 end 00000bc4 length    46 section .info.

(C:\Program Files (x86)\COSMIC\FSE_Compilers\CXSTM8\Lib\libm0.sm8)ltor.o:
start 0000cd55 end 0000cd67 length    18 section .text
start 00000bc4 end 00000bf2 length    46 section .info.

(C:\Program Files (x86)\COSMIC\FSE_Compilers\CXSTM8\Lib\libm0.sm8)ludiv.o:
start 0000cd67 end 0000cd7b length    20 section .text
start 00000bf2 end 00000c21 length    47 section .info.

(C:\Program Files (x86)\COSMIC\FSE_Compilers\CXSTM8\Lib\libm0.sm8)ldiv.o:
start 0000cd7b end 0000ce66 length   235 section .text
start 00000c21 end 00000c4f length    46 section .info.

(C:\Program Files (x86)\COSMIC\FSE_Compilers\CXSTM8\Lib\libm0.sm8)lgneg.o:
start 0000ce66 end 0000ce79 length    19 section .text
start 00000c4f end 00000c7e length    47 section .info.

(C:\Program Files (x86)\COSMIC\FSE_Compilers\CXSTM8\Lib\libm0.sm8)lneg.o:
start 0000ce79 end 0000ce8e length    21 section .text
start 00000c7e end 00000cac length    46 section .info.

(C:\Program Files (x86)\COSMIC\FSE_Compilers\CXSTM8\Lib\libm0.sm8)lursh.o:
start 0000ce8e end 0000ce9d length    15 section .text
start 00000cac end 00000cdb length    47 section .info.

(C:\Program Files (x86)\COSMIC\FSE_Compilers\CXSTM8\Lib\libm0.sm8)lzmp.o:
start 0000ce9d end 0000ceb0 length    19 section .text
start 00000cdb end 00000d09 length    46 section .info.

(C:\Program Files (x86)\COSMIC\FSE_Compilers\CXSTM8\Lib\libm0.sm8)rtol.o:
start 0000ceb0 end 0000cec2 length    18 section .text
start 00000d09 end 00000d37 length    46 section .info.

(C:\Program Files (x86)\COSMIC\FSE_Compilers\CXSTM8\Lib\libm0.sm8)smul.o:
start 0000cec2 end 0000cf01 length    63 section .text
start 00000d37 end 00000d65 length    46 section .info.

(C:\Program Files (x86)\COSMIC\FSE_Compilers\CXSTM8\Lib\libm0.sm8)utol.o:
start 0000cf01 end 0000cf0c length    11 section .text
start 00000d65 end 00000d93 length    46 section .info.

(C:\Program Files (x86)\COSMIC\FSE_Compilers\CXSTM8\Lib\libm0.sm8)utolx.o:
start 0000cf0c end 0000cf13 length     7 section .text
start 00000d93 end 00000dc2 length    47 section .info.

(C:\Program Files (x86)\COSMIC\FSE_Compilers\CXSTM8\Lib\libm0.sm8)umul.o:
start 0000cf13 end 0000cf4f length    60 section .text
start 00000dc2 end 00000df0 length    46 section .info.

(C:\Program Files (x86)\COSMIC\FSE_Compilers\CXSTM8\Lib\libm0.sm8)xreg.o:
start 00000004 end 00000007 length     3 section .ubsct
start 00000df0 end 00000e1e length    46 section .info.

(C:\Program Files (x86)\COSMIC\FSE_Compilers\CXSTM8\Lib\libm0.sm8)yreg.o:
start 00000007 end 0000000a length     3 section .ubsct
start 00000e1e end 00000e4c length    46 section .info.

..\..\..\stvd\cosmic\stm8_interrupt_vector.o:
start 0000dc51 end 0000dd77 length   294 section .debug
start 00000e4c end 00000ef6 length   170 section .info.
start 00008000 end 00008080 length   128 section .const


                             -----------
                             Stack usage
                             -----------

..\..\..\stvd\cosmic\adc.o:
_ADC_Config                                 23   (2)
_GetADCData                                  2   (2)

..\..\..\stvd\cosmic\appli.o:
L12_IncrementStatus                          9   (2)
L13_UpdateSlaveLedStatus                     7   (2)
L32_DecrementStatus                          9   (2)
L33_ClearAppliTimebaseTick                   2   (2)
L51_UserButton1Status                        2   (2)
L52_UpdateBarStatus                          7   (2)
L53_TestAppliTimebaseTick                    2   (2)
L71_UserButton2Status                        2   (2)
L72_UpdateMasterLedStatus                    7   (2)
L73_LED_Display                              7   (2)
_Appli                                      29   (3)
_SetAppliTimebaseTick                        2   (2)

..\..\..\stvd\cosmic\can.o:
L13_TestCANTimebaseTick                      2   (2)
L72_ClearCANTimebaseTick                     2   (2)
_CAN_Config                                 52   (21)
_CAN_ReadData                                4   (4)
_CAN_Task                                   26   (3)
_CAN_WriteData                               5   (5)
_SetCANTimebaseTick                          2   (2)

..\..\..\stvd\cosmic\l99pm62drv.o:
_L99PM62drv_ClearStatusRegisters            22   (2)
_L99PM62drv_EnableBusWakeUp             >   24   (4)
_L99PM62drv_EnableWakeupSource          >   24   (4)
_L99PM62drv_GetControl                  >    9   (7)
_L99PM62drv_GetGlobalStatusRegister     >    4   (2)
_L99PM62drv_Init                             3   (3)
_L99PM62drv_LinSetup                    >   24   (4)
_L99PM62drv_ReadClearStatus             >   27   (7)
_L99PM62drv_ReadControl                 >   27   (7)
_L99PM62drv_ReadStatus                  >   27   (7)
_L99PM62drv_ReportError                      2   (2)
_L99PM62drv_SetCanLoopBackMode          >   22   (2)
_L99PM62drv_SetCanPatternWakeUp         >   22   (2)
_L99PM62drv_SetCanStandbyMode           >   23   (3)
_L99PM62drv_SetCyclicWakeUp             >   24   (4)
_L99PM62drv_SetInputFilterMode          >   25   (5)
_L99PM62drv_SetOut1Mode                 >   23   (3)
_L99PM62drv_SetOut2Mode                 >   23   (3)
_L99PM62drv_SetOut3Mode                 >   23   (3)
_L99PM62drv_SetOut4Mode                 >   24   (4)
_L99PM62drv_SetOutHSAutorecovery        >   23   (3)
_L99PM62drv_SetOutHSMode                >   24   (4)
_L99PM62drv_SetPWMDutyCycle                 26   (6)
_L99PM62drv_SetPWMFrequ                 >   23   (3)
_L99PM62drv_SetRelayOutput              >   23   (3)
_L99PM62drv_SetRelayShutdownMode        >   23   (3)
_L99PM62drv_SetResetThresholdLevel      >   23   (3)
_L99PM62drv_SetStandbyMode              >   23   (3)
_L99PM62drv_SetTimer1                   >   25   (5)
_L99PM62drv_SetTimer2                   >   25   (5)
_L99PM62drv_SetVReg1CurrentMonitorMode  >   23   (3)
_L99PM62drv_SetVoltageReg2Mode          >   24   (4)
_L99PM62drv_SetVsLockoutMode            >   23   (3)
_L99PM62drv_SetWDTiming                 >   25   (5)
_L99PM62drv_SetWUInputMode              >   24   (4)
_L99PM62drv_WdgTrigger                      22   (2)
_L99PM62drv_WriteControl                >   26   (6)
_ST_SPI_Send_16                             20   (10)

..\..\..\stvd\cosmic\lin.o:
L14_UART3_RIE                               15   (2)
L15_TestLINTimebaseTick                      2   (2)
L34_StartLINReceptionTimeout                 2   (2)
L35_ClearLINTimebaseTick                     2   (2)
L54_StopLINReceptionTimeout                  2   (2)
L55_LINError                                 7   (2)
L73_LINChecksum                             10   (10)
L74_LINReceptionTimeoutElapsed               9   (2)
_InitScheduleTable                           2   (2)
_LIN_MasterConfig                           51   (2)
_LIN_ReadData                                4   (4)
_LIN_SlaveConfig                            51   (2)
_LIN_Task                                   22   (7)
_LIN_WriteData                               5   (5)
_SetLINTimebaseTick                          2   (2)
_UART3_BDIE                                 15   (2)

..\..\..\stvd\cosmic\main.o:
L11_TIM4_Config                             12   (2)
L12_GPIO_Config                             14   (2)
L31_Delay                                    8   (6)
L51_L99PM62drv_WdgAutoTrigger                6   (6)
L71_CLK_Config                              19   (3)
_TimingDelay_Decrement                       4   (2)
_WdgAutoDecrement                           24   (2)
_assert_failed                               6   (6)
_main                                   >   54   (2)

..\..\..\stvd\cosmic\stm8s_adc2.o:
_ADC2_ClearFlag                         >    2   (2)
_ADC2_ClearITPendingBit                      2   (2)
_ADC2_Cmd                               >    9   (3)
_ADC2_ConversionConfig                      11   (5)
_ADC2_DeInit                                 2   (2)
_ADC2_ExternalTriggerConfig                 10   (4)
_ADC2_GetConversionValue                     7   (7)
_ADC2_GetFlagStatus                     >    2   (2)
_ADC2_GetITStatus                       >    2   (2)
_ADC2_ITConfig                               9   (3)
_ADC2_Init                                  21   (10)
_ADC2_PrescalerConfig                        9   (3)
_ADC2_SchmittTriggerConfig                  10   (4)
_ADC2_StartConversion                        2   (2)

..\..\..\stvd\cosmic\stm8s_can.o:
L3_CheckITStatus                             5   (5)
_CAN_CancelTransmit                     >   10   (4)
_CAN_ClearFlag                          >   11   (5)
_CAN_ClearITPendingBit                  >   11   (5)
_CAN_DeInit                                 14   (2)
_CAN_FIFORelease                             2   (2)
_CAN_FilterInit                             31   (19)
_CAN_GetFlagStatus                      >   12   (6)
_CAN_GetITStatus                        >   12   (6)
_CAN_GetLastErrorCode                   >    6   (4)
_CAN_GetMessageTimeStamp                >    7   (5)
_CAN_GetReceivedDLC                     >    2   (2)
_CAN_GetReceivedData                         9   (3)
_CAN_GetReceivedFMI                     >    2   (2)
_CAN_GetReceivedIDE                     >    2   (2)
_CAN_GetReceivedId                           4   (2)
_CAN_GetReceivedRTR                     >    2   (2)
_CAN_GetSelectedPage                         2   (2)
_CAN_ITConfig                               14   (8)
_CAN_Init                                   18   (12)
_CAN_MessagePending                     >    3   (3)
_CAN_OperatingModeRequest                   12   (6)
_CAN_Receive                                18   (15)
_CAN_ST7CompatibilityCmd                >    9   (3)
_CAN_SelectPage                              2   (2)
_CAN_Sleep                              >    3   (3)
_CAN_TTComModeCmd                       >   10   (4)
_CAN_Transmit                               23   (17)
_CAN_TransmitStatus                     >   10   (4)
_CAN_WakeUp                             >    3   (3)

..\..\..\stvd\cosmic\stm8s_clk.o:
_CLK_AdjustHSICalibrationValue          >    9   (3)
_CLK_CCOCmd                             >    9   (3)
_CLK_CCOConfig                          >    9   (3)
_CLK_ClearITPendingBit                  >    9   (3)
_CLK_ClockSecuritySystemEnable          >    2   (2)
_CLK_ClockSwitchCmd                     >    9   (3)
_CLK_ClockSwitchConfig                      16   (10)
_CLK_DeInit                             >    2   (2)
_CLK_FastHaltWakeUpCmd                  >    9   (3)
_CLK_GetClockFreq                           25   (11)
_CLK_GetFlagStatus                      >   13   (7)
_CLK_GetITStatus                        >   10   (4)
_CLK_GetSYSCLKSource                    >    2   (2)
_CLK_HSECmd                             >    9   (3)
_CLK_HSICmd                             >    9   (3)
_CLK_HSIPrescalerConfig                      9   (3)
_CLK_ITConfig                           >   10   (4)
_CLK_LSICmd                             >    9   (3)
_CLK_PeripheralClockConfig              >   10   (4)
_CLK_SWIMConfig                         >    9   (3)
_CLK_SYSCLKConfig                       >    9   (3)
_CLK_SYSCLKEmergencyClear               >    2   (2)
_CLK_SlowActiveHaltWakeUpCmd            >    9   (3)

..\..\..\stvd\cosmic\stm8s_exti.o:
_EXTI_DeInit                            >    2   (2)
_EXTI_GetExtIntSensitivity              >   10   (4)
_EXTI_GetTLISensitivity                 >    3   (3)
_EXTI_SetExtIntSensitivity                  10   (4)
_EXTI_SetTLISensitivity                 >    9   (3)

..\..\..\stvd\cosmic\stm8s_gpio.o:
_GPIO_DeInit                            >    2   (2)
_GPIO_ExternalPullUpConfig              >   12   (6)
_GPIO_Init                                  12   (6)
_GPIO_ReadInputData                     >    2   (2)
_GPIO_ReadInputPin                           5   (5)
_GPIO_ReadOutputData                    >    2   (2)
_GPIO_Write                             >    5   (5)
_GPIO_WriteHigh                              5   (5)
_GPIO_WriteLow                               5   (5)
_GPIO_WriteReverse                      >    5   (5)

..\..\..\stvd\cosmic\stm8s_it.o:
f_ADC2_IRQHandler                       >   19   (12)
f_AWU_IRQHandler                        >    6   (6)
f_CAN_RX_IRQHandler                     >   30   (12)
f_CAN_TX_IRQHandler                     >    6   (6)
f_CLK_IRQHandler                        >    6   (6)
f_EEPROM_EEC_IRQHandler                 >    6   (6)
f_EXTI_PORTA_IRQHandler                 >    6   (6)
f_EXTI_PORTB_IRQHandler                 >    6   (6)
f_EXTI_PORTC_IRQHandler                 >    6   (6)
f_EXTI_PORTD_IRQHandler                 >    6   (6)
f_EXTI_PORTE_IRQHandler                 >   17   (12)
f_I2C_IRQHandler                        >    6   (6)
f_NonHandledInterrupt                   >    6   (6)
f_SPI_IRQHandler                        >    6   (6)
f_TIM1_CAP_COM_IRQHandler               >    6   (6)
f_TIM1_UPD_OVF_TRG_BRK_IRQHandler       >    6   (6)
f_TIM2_CAP_COM_IRQHandler               >    6   (6)
f_TIM2_UPD_OVF_BRK_IRQHandler           >    6   (6)
f_TIM3_CAP_COM_IRQHandler               >    6   (6)
f_TIM3_UPD_OVF_BRK_IRQHandler           >    6   (6)
f_TIM4_UPD_OVF_IRQHandler               >   36   (12)
f_TLI_IRQHandler                        >    6   (6)
f_TRAP_IRQHandler                       >    6   (6)
f_UART1_RX_IRQHandler                   >    6   (6)
f_UART1_TX_IRQHandler                   >    6   (6)
f_UART3_RX_IRQHandler                   >   27   (12)
f_UART3_TX_IRQHandler                   >    6   (6)

..\..\..\stvd\cosmic\stm8s_spi.o:
_SPI_BiDirectionalLineConfig            >    9   (3)
_SPI_CalculateCRCCmd                         9   (3)
_SPI_ClearFlag                          >    9   (3)
_SPI_ClearITPendingBit                  >   10   (4)
_SPI_Cmd                                     9   (3)
_SPI_DeInit                                  2   (2)
_SPI_GetCRC                             >   10   (4)
_SPI_GetCRCPolynomial                   >    2   (2)
_SPI_GetFlagStatus                          10   (4)
_SPI_GetITStatus                        >   11   (5)
_SPI_ITConfig                           >   11   (5)
_SPI_Init                                   17   (11)
_SPI_NSSInternalSoftwareCmd             >    9   (3)
_SPI_ReceiveData                             2   (2)
_SPI_ResetCRC                           >   11   (2)
_SPI_SendData                                2   (2)
_SPI_TransmitCRC                        >    2   (2)

..\..\..\stvd\cosmic\stm8s_tim4.o:
_TIM4_ARRPreloadConfig                  >    9   (3)
_TIM4_ClearFlag                              9   (3)
_TIM4_ClearITPendingBit                      9   (3)
_TIM4_Cmd                                    9   (3)
_TIM4_DeInit                            >    2   (2)
_TIM4_GenerateEvent                     >    9   (3)
_TIM4_GetCounter                        >    2   (2)
_TIM4_GetFlagStatus                     >   10   (4)
_TIM4_GetITStatus                       >   11   (5)
_TIM4_GetPrescaler                      >    2   (2)
_TIM4_ITConfig                              10   (4)
_TIM4_PrescalerConfig                   >   10   (4)
_TIM4_SelectOnePulseMode                >    9   (3)
_TIM4_SetAutoreload                     >    2   (2)
_TIM4_SetCounter                        >    2   (2)
_TIM4_TimeBaseInit                          10   (4)
_TIM4_UpdateDisableConfig               >    9   (3)
_TIM4_UpdateRequestConfig               >    9   (3)

..\..\..\stvd\cosmic\stm8s_uart3.o:
_UART3_ClearFlag                        >   10   (4)
_UART3_ClearITPendingBit                >   10   (4)
_UART3_Cmd                              >    2   (2)
_UART3_DeInit                                2   (2)
_UART3_GetFlagStatus                    >   11   (5)
_UART3_GetITStatus                      >   12   (6)
_UART3_ITConfig                             13   (7)
_UART3_Init                                 49   (24)
_UART3_LINBreakDetectionConfig               9   (3)
_UART3_LINCmd                                9   (3)
_UART3_LINConfig                            11   (5)
_UART3_ReceiveData8                     >    2   (2)
_UART3_ReceiveData9                     >    4   (4)
_UART3_ReceiverWakeUpCmd                     9   (3)
_UART3_SendBreak                             2   (2)
_UART3_SendData8                             2   (2)
_UART3_SendData9                        >    4   (4)
_UART3_SetAddress                       >    9   (3)
_UART3_WakeUpConfig                     >    9   (3)

Stack size: 90


                              ---------
                              Call tree
                              ---------
   1 > _ADC2_ClearFlag: (2)

   2 > _ADC2_Cmd: (3)
   3      + _assert_failed: (6)
       
   4 > _ADC2_GetFlagStatus: (2)

   5 > _ADC2_GetITStatus: (2)

   6 > _CAN_CancelTransmit: (4)
   7      + _CAN_GetSelectedPage: (2)
   8      + _CAN_SelectPage: (2)
   9      + _assert_failed --> 3
       
  10 > _CAN_ClearFlag: (5)
  11      + _CAN_GetSelectedPage --> 7
  12      + _CAN_SelectPage --> 8
  13      + _assert_failed --> 3
       
  14 > _CAN_ClearITPendingBit: (5)
  15      + _CAN_GetSelectedPage --> 7
  16      + _CAN_SelectPage --> 8
  17      + _assert_failed --> 3
       
  18 > _CAN_GetFlagStatus: (6)
  19      + _CAN_GetSelectedPage --> 7
  20      + _CAN_SelectPage --> 8
  21      + _assert_failed --> 3
       
  22 > _CAN_GetITStatus: (6)
  23      + L3_CheckITStatus: (5)
  24      + _CAN_GetSelectedPage --> 7
  25      + _CAN_SelectPage --> 8
  26      + _assert_failed --> 3
       
  27 > _CAN_GetLastErrorCode: (4)
  28      + _CAN_GetSelectedPage --> 7
  29      + _CAN_SelectPage --> 8
       
  30 > _CAN_GetMessageTimeStamp: (5)
  31      + _CAN_GetSelectedPage --> 7
  32      + _CAN_SelectPage --> 8
       
  33 > _CAN_GetReceivedDLC: (2)

  34 > _CAN_GetReceivedFMI: (2)

  35 > _CAN_GetReceivedIDE: (2)

  36 > _CAN_GetReceivedRTR: (2)

  37 > _CAN_MessagePending: (3)

  38 > _CAN_ST7CompatibilityCmd: (3)
  39      + _assert_failed --> 3
       
  40 > _CAN_Sleep: (3)

  41 > _CAN_TTComModeCmd: (4)
  42      + _CAN_GetSelectedPage --> 7
  43      + _CAN_SelectPage --> 8
  44      + _assert_failed --> 3
       
  45 > _CAN_TransmitStatus: (4)
  46      + _assert_failed --> 3
       
  47 > _CAN_WakeUp: (3)

  48 > _CLK_AdjustHSICalibrationValue: (3)
  49      + _assert_failed --> 3
       
  50 > _CLK_CCOCmd: (3)
  51      + _assert_failed --> 3
       
  52 > _CLK_CCOConfig: (3)
  53      + _assert_failed --> 3
       
  54 > _CLK_ClearITPendingBit: (3)
  55      + _assert_failed --> 3
       
  56 > _CLK_ClockSecuritySystemEnable: (2)

  57 > _CLK_ClockSwitchCmd: (3)
  58      + _assert_failed --> 3
       
  59 > _CLK_DeInit: (2)

  60 > _CLK_FastHaltWakeUpCmd: (3)
  61      + _assert_failed --> 3
       
  62 > _CLK_GetFlagStatus: (7)
  63      + _assert_failed --> 3
       
  64 > _CLK_GetITStatus: (4)
  65      + _assert_failed --> 3
       
  66 > _CLK_GetSYSCLKSource: (2)

  67 > _CLK_HSECmd: (3)
  68      + _assert_failed --> 3
       
  69 > _CLK_HSICmd: (3)
  70      + _assert_failed --> 3
       
  71 > _CLK_ITConfig: (4)
  72      + _assert_failed --> 3
       
  73 > _CLK_LSICmd: (3)
  74      + _assert_failed --> 3
       
  75 > _CLK_PeripheralClockConfig: (4)
  76      + _assert_failed --> 3
       
  77 > _CLK_SWIMConfig: (3)
  78      + _assert_failed --> 3
       
  79 > _CLK_SYSCLKConfig: (3)
  80      + _assert_failed --> 3
       
  81 > _CLK_SYSCLKEmergencyClear: (2)

  82 > _CLK_SlowActiveHaltWakeUpCmd: (3)
  83      + _assert_failed --> 3
       
  84 > _EXTI_DeInit: (2)

  85 > _EXTI_GetExtIntSensitivity: (4)
  86      + _assert_failed --> 3
       
  87 > _EXTI_GetTLISensitivity: (3)

  88 > _EXTI_SetTLISensitivity: (3)
  89      + _assert_failed --> 3
       
  90 > _GPIO_DeInit: (2)

  91 > _GPIO_ExternalPullUpConfig: (6)
  92      + _assert_failed --> 3
       
  93 > _GPIO_ReadInputData: (2)

  94 > _GPIO_ReadOutputData: (2)

  95 > _GPIO_Write: (5)

  96 > _GPIO_WriteReverse: (5)

  97 > _L99PM62drv_EnableBusWakeUp: (4)
  98      + _L99PM62drv_ReportError: (2)
  99      + _ST_SPI_Send_16: (10)
 100      |    + _SPI_GetFlagStatus: (4)
 101      |    |    + _assert_failed --> 3
          |    | 
 102      |    + _SPI_ReceiveData: (2)
 103      |    + _SPI_SendData: (2)
          | 
       
 104 > _L99PM62drv_EnableWakeupSource: (4)
 105      + _L99PM62drv_ReportError --> 98
 106      + _ST_SPI_Send_16 --> 99
       
 107 > _L99PM62drv_GetControl: (7)
 108      + _L99PM62drv_ReportError --> 98
       
 109 > _L99PM62drv_GetGlobalStatusRegister: (2)
 110      + _L99PM62drv_ReportError --> 98
       
 111 > _L99PM62drv_LinSetup: (4)
 112      + _L99PM62drv_ReportError --> 98
 113      + _ST_SPI_Send_16 --> 99
       
 114 > _L99PM62drv_ReadClearStatus: (7)
 115      + _L99PM62drv_ReportError --> 98
 116      + _ST_SPI_Send_16 --> 99
       
 117 > _L99PM62drv_ReadControl: (7)
 118      + _L99PM62drv_ReportError --> 98
 119      + _ST_SPI_Send_16 --> 99
       
 120 > _L99PM62drv_ReadStatus: (7)
 121      + _L99PM62drv_ReportError --> 98
 122      + _ST_SPI_Send_16 --> 99
       
 123 > _L99PM62drv_SetCanLoopBackMode: (2)
 124      + _ST_SPI_Send_16 --> 99
       
 125 > _L99PM62drv_SetCanPatternWakeUp: (2)
 126      + _ST_SPI_Send_16 --> 99
       
 127 > _L99PM62drv_SetCanStandbyMode: (3)
 128      + _L99PM62drv_ReportError --> 98
 129      + _ST_SPI_Send_16 --> 99
       
 130 > _L99PM62drv_SetCyclicWakeUp: (4)
 131      + _L99PM62drv_ReportError --> 98
 132      + _ST_SPI_Send_16 --> 99
       
 133 > _L99PM62drv_SetInputFilterMode: (5)
 134      + _L99PM62drv_ReportError --> 98
 135      + _ST_SPI_Send_16 --> 99
       
 136 > _L99PM62drv_SetOut1Mode: (3)
 137      + _L99PM62drv_ReportError --> 98
 138      + _ST_SPI_Send_16 --> 99
       
 139 > _L99PM62drv_SetOut2Mode: (3)
 140      + _L99PM62drv_ReportError --> 98
 141      + _ST_SPI_Send_16 --> 99
       
 142 > _L99PM62drv_SetOut3Mode: (3)
 143      + _L99PM62drv_ReportError --> 98
 144      + _ST_SPI_Send_16 --> 99
       
 145 > _L99PM62drv_SetOut4Mode: (4)
 146      + _L99PM62drv_ReportError --> 98
 147      + _ST_SPI_Send_16 --> 99
       
 148 > _L99PM62drv_SetOutHSAutorecovery: (3)
 149      + _L99PM62drv_ReportError --> 98
 150      + _ST_SPI_Send_16 --> 99
       
 151 > _L99PM62drv_SetOutHSMode: (4)
 152      + _L99PM62drv_ReportError --> 98
 153      + _ST_SPI_Send_16 --> 99
       
 154 > _L99PM62drv_SetPWMFrequ: (3)
 155      + _L99PM62drv_ReportError --> 98
 156      + _ST_SPI_Send_16 --> 99
       
 157 > _L99PM62drv_SetRelayOutput: (3)
 158      + _L99PM62drv_ReportError --> 98
 159      + _ST_SPI_Send_16 --> 99
       
 160 > _L99PM62drv_SetRelayShutdownMode: (3)
 161      + _L99PM62drv_ReportError --> 98
 162      + _ST_SPI_Send_16 --> 99
       
 163 > _L99PM62drv_SetResetThresholdLevel: (3)
 164      + _L99PM62drv_ReportError --> 98
 165      + _ST_SPI_Send_16 --> 99
       
 166 > _L99PM62drv_SetStandbyMode: (3)
 167      + _L99PM62drv_ReportError --> 98
 168      + _ST_SPI_Send_16 --> 99
       
 169 > _L99PM62drv_SetTimer1: (5)
 170      + _L99PM62drv_ReportError --> 98
 171      + _ST_SPI_Send_16 --> 99
       
 172 > _L99PM62drv_SetTimer2: (5)
 173      + _L99PM62drv_ReportError --> 98
 174      + _ST_SPI_Send_16 --> 99
       
 175 > _L99PM62drv_SetVReg1CurrentMonitorMode: (3)
 176      + _L99PM62drv_ReportError --> 98
 177      + _ST_SPI_Send_16 --> 99
       
 178 > _L99PM62drv_SetVoltageReg2Mode: (4)
 179      + _L99PM62drv_ReportError --> 98
 180      + _ST_SPI_Send_16 --> 99
       
 181 > _L99PM62drv_SetVsLockoutMode: (3)
 182      + _L99PM62drv_ReportError --> 98
 183      + _ST_SPI_Send_16 --> 99
       
 184 > _L99PM62drv_SetWDTiming: (5)
 185      + _L99PM62drv_ReportError --> 98
 186      + _ST_SPI_Send_16 --> 99
       
 187 > _L99PM62drv_SetWUInputMode: (4)
 188      + _L99PM62drv_ReportError --> 98
 189      + _ST_SPI_Send_16 --> 99
       
 190 > _L99PM62drv_WriteControl: (6)
 191      + _L99PM62drv_ReportError --> 98
 192      + _ST_SPI_Send_16 --> 99
       
 193 > _SPI_BiDirectionalLineConfig: (3)
 194      + _assert_failed --> 3
       
 195 > _SPI_ClearFlag: (3)
 196      + _assert_failed --> 3
       
 197 > _SPI_ClearITPendingBit: (4)
 198      + _assert_failed --> 3
       
 199 > _SPI_GetCRC: (4)
 200      + _assert_failed --> 3
       
 201 > _SPI_GetCRCPolynomial: (2)

 202 > _SPI_GetITStatus: (5)
 203      + _assert_failed --> 3
       
 204 > _SPI_ITConfig: (5)
 205      + _assert_failed --> 3
       
 206 > _SPI_NSSInternalSoftwareCmd: (3)
 207      + _assert_failed --> 3
       
 208 > _SPI_ResetCRC: (2)
 209      + _SPI_CalculateCRCCmd: (3)
 210      |    + _assert_failed --> 3
          | 
 211      + _SPI_Cmd: (3)
 212      |    + _assert_failed --> 3
          | 
       
 213 > _SPI_TransmitCRC: (2)

 214 > _TIM4_ARRPreloadConfig: (3)
 215      + _assert_failed --> 3
       
 216 > _TIM4_DeInit: (2)

 217 > _TIM4_GenerateEvent: (3)
 218      + _assert_failed --> 3
       
 219 > _TIM4_GetCounter: (2)

 220 > _TIM4_GetFlagStatus: (4)
 221      + _assert_failed --> 3
       
 222 > _TIM4_GetITStatus: (5)
 223      + _assert_failed --> 3
       
 224 > _TIM4_GetPrescaler: (2)

 225 > _TIM4_PrescalerConfig: (4)
 226      + _assert_failed --> 3
       
 227 > _TIM4_SelectOnePulseMode: (3)
 228      + _assert_failed --> 3
       
 229 > _TIM4_SetAutoreload: (2)

 230 > _TIM4_SetCounter: (2)

 231 > _TIM4_UpdateDisableConfig: (3)
 232      + _assert_failed --> 3
       
 233 > _TIM4_UpdateRequestConfig: (3)
 234      + _assert_failed --> 3
       
 235 > _UART3_ClearFlag: (4)
 236      + _assert_failed --> 3
       
 237 > _UART3_ClearITPendingBit: (4)
 238      + _assert_failed --> 3
       
 239 > _UART3_Cmd: (2)

 240 > _UART3_GetFlagStatus: (5)
 241      + _assert_failed --> 3
       
 242 > _UART3_GetITStatus: (6)
 243      + _assert_failed --> 3
       
 244 > _UART3_ReceiveData8: (2)

 245 > _UART3_ReceiveData9: (4)

 246 > _UART3_SendData9: (4)

 247 > _UART3_SetAddress: (3)
 248      + _assert_failed --> 3
       
 249 > _UART3_WakeUpConfig: (3)
 250      + _assert_failed --> 3
       
 251 > __stext: (0)

 252 > _main: (2)
 253      + L11_TIM4_Config: (2)
 254      |    + _TIM4_ClearFlag: (3)
 255      |    |    + _assert_failed --> 3
          |    | 
 256      |    + _TIM4_ITConfig: (4)
 257      |    |    + _assert_failed --> 3
          |    | 
 258      |    + _TIM4_TimeBaseInit: (4)
 259      |    |    + _assert_failed --> 3
          |    | 
          | 
 260      + L12_GPIO_Config: (2)
 261      |    + _EXTI_SetExtIntSensitivity: (4)
 262      |    |    + _assert_failed --> 3
          |    | 
 263      |    + _GPIO_Init: (6)
 264      |    |    + _assert_failed --> 3
          |    | 
          | 
 265      + L31_Delay: (6)
 266      + L51_L99PM62drv_WdgAutoTrigger: (6)
 267      + L71_CLK_Config: (3)
 268      |    + _CLK_ClockSwitchConfig: (10)
 269      |    |    + _assert_failed --> 3
          |    | 
 270      |    + _CLK_HSIPrescalerConfig: (3)
 271      |    |    + _assert_failed --> 3
          |    | 
          | 
 272      + _ADC2_ITConfig: (3)
 273      |    + _assert_failed --> 3
          | 
 274      + _ADC_Config: (2)
 275      |    + _ADC2_DeInit: (2)
 276      |    + _ADC2_Init: (10)
 277      |    |    + _ADC2_ConversionConfig: (5)
 278      |    |    |    + _assert_failed --> 3
          |    |    | 
 279      |    |    + _ADC2_ExternalTriggerConfig: (4)
 280      |    |    |    + _assert_failed --> 3
          |    |    | 
 281      |    |    + _ADC2_PrescalerConfig: (3)
 282      |    |    |    + _assert_failed --> 3
          |    |    | 
 283      |    |    + _ADC2_SchmittTriggerConfig: (4)
 284      |    |    |    + _assert_failed --> 3
          |    |    | 
 285      |    |    + _assert_failed --> 3
          |    | 
 286      |    + _GPIO_Init --> 263
          | 
 287      + _Appli: (3)
 288      |    + L12_IncrementStatus: (2)
 289      |    |    + L13_UpdateSlaveLedStatus: (2)
 290      |    |    |    + _CAN_WriteData: (5)
          |    |    | 
 291      |    |    + L52_UpdateBarStatus: (2)
 292      |    |    |    + _LIN_WriteData: (5)
          |    |    | 
 293      |    |    + L72_UpdateMasterLedStatus: (2)
 294      |    |    |    + _CAN_WriteData --> 290
          |    |    | 
          |    | 
 295      |    + L32_DecrementStatus: (2)
 296      |    |    + L13_UpdateSlaveLedStatus --> 289
 297      |    |    + L52_UpdateBarStatus --> 291
 298      |    |    + L72_UpdateMasterLedStatus --> 293
          |    | 
 299      |    + L33_ClearAppliTimebaseTick: (2)
 300      |    + L51_UserButton1Status: (2)
 301      |    + L53_TestAppliTimebaseTick: (2)
 302      |    + L71_UserButton2Status: (2)
 303      |    + L73_LED_Display: (2)
 304      |    |    + _GPIO_WriteHigh: (5)
 305      |    |    + _GPIO_WriteLow: (5)
          |    | 
 306      |    + _ADC2_StartConversion: (2)
 307      |    + _CAN_ReadData: (4)
 308      |    + _CAN_WriteData --> 290
 309      |    + _GPIO_WriteHigh --> 304
 310      |    + _GPIO_WriteLow --> 305
 311      |    + _GetADCData: (2)
 312      |    + _L99PM62drv_SetPWMDutyCycle: (6)
 313      |    |    + _L99PM62drv_ReportError --> 98
 314      |    |    + _ST_SPI_Send_16 --> 99
          |    | 
 315      |    + _LIN_ReadData: (4)
 316      |    + _LIN_WriteData --> 292
          | 
 317      + _CAN_Config: (21)
 318      |    + _CAN_DeInit: (2)
 319      |    |    + _CAN_OperatingModeRequest: (6)
 320      |    |    |    + _assert_failed --> 3
          |    |    | 
          |    | 
 321      |    + _CAN_FilterInit: (19)
 322      |    |    + _CAN_GetSelectedPage --> 7
 323      |    |    + _CAN_OperatingModeRequest --> 319
 324      |    |    + _CAN_SelectPage --> 8
 325      |    |    + _assert_failed --> 3
          |    | 
 326      |    + _CAN_ITConfig: (8)
 327      |    |    + _CAN_GetSelectedPage --> 7
 328      |    |    + _CAN_SelectPage --> 8
 329      |    |    + _assert_failed --> 3
          |    | 
 330      |    + _CAN_Init: (12)
 331      |    |    + _CAN_GetSelectedPage --> 7
 332      |    |    + _CAN_SelectPage --> 8
 333      |    |    + _assert_failed --> 3
          |    | 
          | 
 334      + _CAN_Task: (3)
 335      |    + L13_TestCANTimebaseTick: (2)
 336      |    + L72_ClearCANTimebaseTick: (2)
 337      |    + _CAN_GetReceivedData: (3)
 338      |    |    + _assert_failed --> 3
          |    | 
 339      |    + _CAN_GetReceivedId: (2)
 340      |    + _CAN_Transmit: (17)
 341      |    |    + _CAN_GetSelectedPage --> 7
 342      |    |    + _CAN_SelectPage --> 8
 343      |    |    + _assert_failed --> 3
          |    | 
 344      |    + _GPIO_WriteLow --> 305
          | 
 345      + _InitScheduleTable: (2)
 346      + _L99PM62drv_Init: (3)
 347      + _LIN_MasterConfig: (2)
 348      |    + _UART3_DeInit: (2)
 349      |    + _UART3_ITConfig: (7)
 350      |    |    + _assert_failed --> 3
          |    | 
 351      |    + _UART3_Init: (24)
 352      |    |    + _CLK_GetClockFreq: (11)
 353      |    |    + _assert_failed --> 3
          |    | 
 354      |    + _UART3_LINBreakDetectionConfig: (3)
 355      |    |    + _assert_failed --> 3
          |    | 
 356      |    + _UART3_LINCmd: (3)
 357      |    |    + _assert_failed --> 3
          |    | 
 358      |    + _UART3_LINConfig: (5)
 359      |    |    + _assert_failed --> 3
          |    | 
          | 
 360      + _LIN_SlaveConfig: (2)
 361      |    + _UART3_DeInit --> 348
 362      |    + _UART3_ITConfig --> 349
 363      |    + _UART3_Init --> 351
 364      |    + _UART3_LINBreakDetectionConfig --> 354
 365      |    + _UART3_LINCmd --> 356
 366      |    + _UART3_LINConfig --> 358
          | 
 367      + _LIN_Task: (7)
 368      |    + L14_UART3_RIE: (2)
 369      |    |    + _UART3_ITConfig --> 349
          |    | 
 370      |    + L15_TestLINTimebaseTick: (2)
 371      |    + L34_StartLINReceptionTimeout: (2)
 372      |    + L35_ClearLINTimebaseTick: (2)
 373      |    + L54_StopLINReceptionTimeout: (2)
 374      |    + L55_LINError: (2)
 375      |    |    + _GPIO_WriteHigh --> 304
          |    | 
 376      |    + L73_LINChecksum: (10)
 377      |    + L74_LINReceptionTimeoutElapsed: (2)
 378      |    |    + L55_LINError --> 374
          |    | 
 379      |    + _GPIO_WriteLow --> 305
 380      |    + _UART3_BDIE: (2)
 381      |    |    + _UART3_ITConfig --> 349
          |    | 
 382      |    + _UART3_ReceiverWakeUpCmd: (3)
 383      |    |    + _assert_failed --> 3
          |    | 
 384      |    + _UART3_SendBreak: (2)
 385      |    + _UART3_SendData8: (2)
          | 
 386      + _SPI_Cmd --> 211
 387      + _SPI_DeInit: (2)
 388      + _SPI_Init: (11)
 389      |    + _assert_failed --> 3
          | 
 390      + _TIM4_Cmd: (3)
 391      |    + _assert_failed --> 3
          | 
       
 392 > f_ADC2_IRQHandler: (12)
 393      + _ADC2_ClearITPendingBit: (2)
 394      + _ADC2_GetConversionValue: (7)
       
 395 > f_AWU_IRQHandler: (6)

 396 > f_CAN_RX_IRQHandler: (12)
 397      + _CAN_Receive: (15)
 398      |    + _CAN_FIFORelease: (2)
 399      |    + _CAN_GetSelectedPage --> 7
 400      |    + _CAN_SelectPage --> 8
          | 
       
 401 > f_CAN_TX_IRQHandler: (6)

 402 > f_CLK_IRQHandler: (6)

 403 > f_EEPROM_EEC_IRQHandler: (6)

 404 > f_EXTI_PORTA_IRQHandler: (6)

 405 > f_EXTI_PORTB_IRQHandler: (6)

 406 > f_EXTI_PORTC_IRQHandler: (6)

 407 > f_EXTI_PORTD_IRQHandler: (6)

 408 > f_EXTI_PORTE_IRQHandler: (12)
 409      + _GPIO_ReadInputPin: (5)
       
 410 > f_I2C_IRQHandler: (6)

 411 > f_NonHandledInterrupt: (6)

 412 > f_SPI_IRQHandler: (6)

 413 > f_TIM1_CAP_COM_IRQHandler: (6)

 414 > f_TIM1_UPD_OVF_TRG_BRK_IRQHandler: (6)

 415 > f_TIM2_CAP_COM_IRQHandler: (6)

 416 > f_TIM2_UPD_OVF_BRK_IRQHandler: (6)

 417 > f_TIM3_CAP_COM_IRQHandler: (6)

 418 > f_TIM3_UPD_OVF_BRK_IRQHandler: (6)

 419 > f_TIM4_UPD_OVF_IRQHandler: (12)
 420      + _SetAppliTimebaseTick: (2)
 421      + _SetCANTimebaseTick: (2)
 422      + _SetLINTimebaseTick: (2)
 423      + _TIM4_ClearITPendingBit: (3)
 424      |    + _assert_failed --> 3
          | 
 425      + _TimingDelay_Decrement: (2)
 426      + _WdgAutoDecrement: (2)
 427      |    + _L99PM62drv_ClearStatusRegisters: (2)
 428      |    |    + _L99PM62drv_ReportError --> 98
 429      |    |    + _ST_SPI_Send_16 --> 99
          |    | 
 430      |    + _L99PM62drv_WdgTrigger: (2)
 431      |    |    + _L99PM62drv_ReportError --> 98
 432      |    |    + _ST_SPI_Send_16 --> 99
          |    | 
          | 
       
 433 > f_TLI_IRQHandler: (6)

 434 > f_TRAP_IRQHandler: (6)

 435 > f_UART1_RX_IRQHandler: (6)

 436 > f_UART1_TX_IRQHandler: (6)

 437 > f_UART3_RX_IRQHandler: (12)
 438      + _UART3_BDIE --> 380
       
 439 > f_UART3_TX_IRQHandler: (6)

 440   L11_TIM4_Config --> 253

 441   L12_GPIO_Config --> 260

 442   L12_IncrementStatus --> 288

 443   L13_TestCANTimebaseTick --> 335

 444   L13_UpdateSlaveLedStatus --> 289

 445   L14_UART3_RIE --> 368

 446   L15_TestLINTimebaseTick --> 370

 447   L31_Delay --> 265

 448   L32_DecrementStatus --> 295

 449   L33_ClearAppliTimebaseTick --> 299

 450   L34_StartLINReceptionTimeout --> 371

 451   L35_ClearLINTimebaseTick --> 372

 452   L3_CheckITStatus --> 23

 453   L51_L99PM62drv_WdgAutoTrigger --> 266

 454   L51_UserButton1Status --> 300

 455   L52_UpdateBarStatus --> 291

 456   L53_TestAppliTimebaseTick --> 301

 457   L54_StopLINReceptionTimeout --> 373

 458   L55_LINError --> 374

 459   L71_CLK_Config --> 267

 460   L71_UserButton2Status --> 302

 461   L72_ClearCANTimebaseTick --> 336

 462   L72_UpdateMasterLedStatus --> 293

 463   L73_LED_Display --> 303

 464   L73_LINChecksum --> 376

 465   L74_LINReceptionTimeoutElapsed --> 377

 466   _ADC2_ClearITPendingBit --> 393

 467   _ADC2_ConversionConfig --> 277

 468   _ADC2_DeInit --> 275

 469   _ADC2_ExternalTriggerConfig --> 279

 470   _ADC2_GetConversionValue --> 394

 471   _ADC2_ITConfig --> 272

 472   _ADC2_Init --> 276

 473   _ADC2_PrescalerConfig --> 281

 474   _ADC2_SchmittTriggerConfig --> 283

 475   _ADC2_StartConversion --> 306

 476   _ADC_Config --> 274

 477   _Appli --> 287

 478   _CAN_Config --> 317

 479   _CAN_DeInit --> 318

 480   _CAN_FIFORelease --> 398

 481   _CAN_FilterInit --> 321

 482   _CAN_GetReceivedData --> 337

 483   _CAN_GetReceivedId --> 339

 484   _CAN_GetSelectedPage --> 7

 485   _CAN_ITConfig --> 326

 486   _CAN_Init --> 330

 487   _CAN_OperatingModeRequest --> 319

 488   _CAN_ReadData --> 307

 489   _CAN_Receive --> 397

 490   _CAN_SelectPage --> 8

 491   _CAN_Task --> 334

 492   _CAN_Transmit --> 340

 493   _CAN_WriteData --> 290

 494   _CLK_ClockSwitchConfig --> 268

 495   _CLK_GetClockFreq --> 352

 496   _CLK_HSIPrescalerConfig --> 270

 497   _EXTI_SetExtIntSensitivity --> 261

 498   _GPIO_Init --> 263

 499   _GPIO_ReadInputPin --> 409

 500   _GPIO_WriteHigh --> 304

 501   _GPIO_WriteLow --> 305

 502   _GetADCData --> 311

 503   _InitScheduleTable --> 345

 504   _L99PM62drv_ClearStatusRegisters --> 427

 505   _L99PM62drv_Init --> 346

 506   _L99PM62drv_ReportError --> 98

 507   _L99PM62drv_SetPWMDutyCycle --> 312

 508   _L99PM62drv_WdgTrigger --> 430

 509   _LIN_MasterConfig --> 347

 510   _LIN_ReadData --> 315

 511   _LIN_SlaveConfig --> 360

 512   _LIN_Task --> 367

 513   _LIN_WriteData --> 292

 514   _SPI_CalculateCRCCmd --> 209

 515   _SPI_Cmd --> 211

 516   _SPI_DeInit --> 387

 517   _SPI_GetFlagStatus --> 100

 518   _SPI_Init --> 388

 519   _SPI_ReceiveData --> 102

 520   _SPI_SendData --> 103

 521   _ST_SPI_Send_16 --> 99

 522   _SetAppliTimebaseTick --> 420

 523   _SetCANTimebaseTick --> 421

 524   _SetLINTimebaseTick --> 422

 525   _TIM4_ClearFlag --> 254

 526   _TIM4_ClearITPendingBit --> 423

 527   _TIM4_Cmd --> 390

 528   _TIM4_ITConfig --> 256

 529   _TIM4_TimeBaseInit --> 258

 530   _TimingDelay_Decrement --> 425

 531   _UART3_BDIE --> 380

 532   _UART3_DeInit --> 348

 533   _UART3_ITConfig --> 349

 534   _UART3_Init --> 351

 535   _UART3_LINBreakDetectionConfig --> 354

 536   _UART3_LINCmd --> 356

 537   _UART3_LINConfig --> 358

 538   _UART3_ReceiverWakeUpCmd --> 382

 539   _UART3_SendBreak --> 384

 540   _UART3_SendData8 --> 385

 541   _WdgAutoDecrement --> 426

 542   _assert_failed --> 3



                               -------
                               Symbols
                               -------

_ADC2_ClearFlag                          000088cc   defined in ..\..\..\stvd\cosmic\stm8s_adc2.o section .text
_ADC2_ClearITPendingBit                  000088d7   defined in ..\..\..\stvd\cosmic\stm8s_adc2.o section .text
                                                    used in ..\..\..\stvd\cosmic\stm8s_it.o
_ADC2_Cmd                                00008621   defined in ..\..\..\stvd\cosmic\stm8s_adc2.o section .text
_ADC2_ConversionConfig                   0000879b   defined in ..\..\..\stvd\cosmic\stm8s_adc2.o section .text
_ADC2_DeInit                             000084a9   defined in ..\..\..\stvd\cosmic\stm8s_adc2.o section .text
                                                    used in ..\..\..\stvd\cosmic\adcio.o
                                                            ..\..\..\stvd\cosmic\adc.o
_ADC2_ExternalTriggerConfig              00008843   defined in ..\..\..\stvd\cosmic\stm8s_adc2.o section .text
_ADC2_GetConversionValue                 00008894   defined in ..\..\..\stvd\cosmic\stm8s_adc2.o section .text
                                                    used in ..\..\..\stvd\cosmic\stm8s_it.o
_ADC2_GetFlagStatus                      000088c6   defined in ..\..\..\stvd\cosmic\stm8s_adc2.o section .text
_ADC2_GetITStatus                        000088d1   defined in ..\..\..\stvd\cosmic\stm8s_adc2.o section .text
_ADC2_ITConfig                           00008646   defined in ..\..\..\stvd\cosmic\stm8s_adc2.o section .text
                                                    used in ..\..\..\stvd\cosmic\main.o
_ADC2_Init                               000084be   defined in ..\..\..\stvd\cosmic\stm8s_adc2.o section .text
                                                    used in ..\..\..\stvd\cosmic\adcio.o
                                                            ..\..\..\stvd\cosmic\adc.o
_ADC2_PrescalerConfig                    0000866b   defined in ..\..\..\stvd\cosmic\stm8s_adc2.o section .text
_ADC2_SchmittTriggerConfig               000086ab   defined in ..\..\..\stvd\cosmic\stm8s_adc2.o section .text
_ADC2_StartConversion                    0000888f   defined in ..\..\..\stvd\cosmic\stm8s_adc2.o section .text
                                                    used in ..\..\..\stvd\cosmic\appli.o
_ADCIO_Config                            ********   *** removed from ..\..\..\stvd\cosmic\adcio.o ***
_ADC_Config                              0000afeb   defined in ..\..\..\stvd\cosmic\adc.o section .text
                                                    used in ..\..\..\stvd\cosmic\main.o
_Appli                                   0000a87c   defined in ..\..\..\stvd\cosmic\appli.o section .text
                                                    used in ..\..\..\stvd\cosmic\main.o
_BreakReceived                           0000016e   defined in ..\..\..\stvd\cosmic\lin.o section .data, initialized
                                                    used in ..\..\..\stvd\cosmic\stm8s_it.o
_CANMaster                               0000012d   defined in ..\..\..\stvd\cosmic\can.o section .data, initialized
                                                    used in ..\..\..\stvd\cosmic\appli.o
                                                            ..\..\..\stvd\cosmic\main.o
_CAN_CancelTransmit                      00009080   defined in ..\..\..\stvd\cosmic\stm8s_can.o section .text
_CAN_ClearFlag                           00009323   defined in ..\..\..\stvd\cosmic\stm8s_can.o section .text
_CAN_ClearITPendingBit                   000095a6   defined in ..\..\..\stvd\cosmic\stm8s_can.o section .text
_CAN_Config                              0000b012   defined in ..\..\..\stvd\cosmic\can.o section .text
                                                    used in ..\..\..\stvd\cosmic\main.o
_CAN_DeInit                              000088dc   defined in ..\..\..\stvd\cosmic\stm8s_can.o section .text
                                                    used in ..\..\..\stvd\cosmic\can.o
_CAN_FIFORelease                         000090b1   defined in ..\..\..\stvd\cosmic\stm8s_can.o section .text
_CAN_FilterInit                          00008a5d   defined in ..\..\..\stvd\cosmic\stm8s_can.o section .text
                                                    used in ..\..\..\stvd\cosmic\can.o
_CAN_GetFlagStatus                       0000939c   defined in ..\..\..\stvd\cosmic\stm8s_can.o section .text
_CAN_GetITStatus                         00009466   defined in ..\..\..\stvd\cosmic\stm8s_can.o section .text
_CAN_GetLastErrorCode                    00009309   defined in ..\..\..\stvd\cosmic\stm8s_can.o section .text
_CAN_GetMessageTimeStamp                 00009210   defined in ..\..\..\stvd\cosmic\stm8s_can.o section .text
_CAN_GetReceivedDLC                      000091eb   defined in ..\..\..\stvd\cosmic\stm8s_can.o section .text
_CAN_GetReceivedData                     000091ef   defined in ..\..\..\stvd\cosmic\stm8s_can.o section .text
                                                    used in ..\..\..\stvd\cosmic\can.o
_CAN_GetReceivedFMI                      0000920c   defined in ..\..\..\stvd\cosmic\stm8s_can.o section .text
_CAN_GetReceivedIDE                      000091e3   defined in ..\..\..\stvd\cosmic\stm8s_can.o section .text
_CAN_GetReceivedId                       000091dd   defined in ..\..\..\stvd\cosmic\stm8s_can.o section .text
                                                    used in ..\..\..\stvd\cosmic\can.o
_CAN_GetReceivedRTR                      000091e7   defined in ..\..\..\stvd\cosmic\stm8s_can.o section .text
_CAN_GetSelectedPage                     0000964e   defined in ..\..\..\stvd\cosmic\stm8s_can.o section .text
_CAN_ITConfig                            00008d8f   defined in ..\..\..\stvd\cosmic\stm8s_can.o section .text
                                                    used in ..\..\..\stvd\cosmic\can.o
_CAN_Init                                0000894e   defined in ..\..\..\stvd\cosmic\stm8s_can.o section .text
                                                    used in ..\..\..\stvd\cosmic\can.o
_CAN_MessagePending                      000090b6   defined in ..\..\..\stvd\cosmic\stm8s_can.o section .text
_CAN_OperatingModeRequest                0000926d   defined in ..\..\..\stvd\cosmic\stm8s_can.o section .text
_CAN_ReadData                            0000b214   defined in ..\..\..\stvd\cosmic\can.o section .text
                                                    used in ..\..\..\stvd\cosmic\appli.o
_CAN_Receive                             000090bf   defined in ..\..\..\stvd\cosmic\stm8s_can.o section .text
                                                    used in ..\..\..\stvd\cosmic\stm8s_it.o
_CAN_ST7CompatibilityCmd                 00008e0f   defined in ..\..\..\stvd\cosmic\stm8s_can.o section .text
_CAN_SelectPage                          00009652   defined in ..\..\..\stvd\cosmic\stm8s_can.o section .text
_CAN_Sleep                               00009239   defined in ..\..\..\stvd\cosmic\stm8s_can.o section .text
_CAN_TTComModeCmd                        00008e33   defined in ..\..\..\stvd\cosmic\stm8s_can.o section .text
_CAN_Task                                0000b04d   defined in ..\..\..\stvd\cosmic\can.o section .text
                                                    used in ..\..\..\stvd\cosmic\main.o
_CAN_Transmit                            00008ea3   defined in ..\..\..\stvd\cosmic\stm8s_can.o section .text
                                                    used in ..\..\..\stvd\cosmic\can.o
_CAN_TransmitStatus                      00009002   defined in ..\..\..\stvd\cosmic\stm8s_can.o section .text
_CAN_WakeUp                              00009258   defined in ..\..\..\stvd\cosmic\stm8s_can.o section .text
_CAN_WriteData                           0000b226   defined in ..\..\..\stvd\cosmic\can.o section .text
                                                    used in ..\..\..\stvd\cosmic\appli.o
_CLKPrescTable                           00008145   defined in ..\..\..\stvd\cosmic\stm8s_clk.o section .const
_CLK_AdjustHSICalibrationValue           00009b0c   defined in ..\..\..\stvd\cosmic\stm8s_clk.o section .text
_CLK_CCOCmd                              0000972c   defined in ..\..\..\stvd\cosmic\stm8s_clk.o section .text
_CLK_CCOConfig                           00009962   defined in ..\..\..\stvd\cosmic\stm8s_clk.o section .text
_CLK_ClearITPendingBit                   00009c04   defined in ..\..\..\stvd\cosmic\stm8s_clk.o section .text
_CLK_ClockSecuritySystemEnable           00009aa2   defined in ..\..\..\stvd\cosmic\stm8s_clk.o section .text
_CLK_ClockSwitchCmd                      00009751   defined in ..\..\..\stvd\cosmic\stm8s_clk.o section .text
_CLK_ClockSwitchConfig                   0000984e   defined in ..\..\..\stvd\cosmic\stm8s_clk.o section .text
                                                    used in ..\..\..\stvd\cosmic\main.o
_CLK_DeInit                              00009662   defined in ..\..\..\stvd\cosmic\stm8s_clk.o section .text
_CLK_FastHaltWakeUpCmd                   00009698   defined in ..\..\..\stvd\cosmic\stm8s_clk.o section .text
_CLK_GetClockFreq                        00009aab   defined in ..\..\..\stvd\cosmic\stm8s_clk.o section .text
                                                    used in ..\..\..\stvd\cosmic\stm8s_uart3.o
_CLK_GetFlagStatus                       00009b4b   defined in ..\..\..\stvd\cosmic\stm8s_clk.o section .text
_CLK_GetITStatus                         00009bcb   defined in ..\..\..\stvd\cosmic\stm8s_clk.o section .text
_CLK_GetSYSCLKSource                     00009aa7   defined in ..\..\..\stvd\cosmic\stm8s_clk.o section .text
_CLK_HSECmd                              000096bd   defined in ..\..\..\stvd\cosmic\stm8s_clk.o section .text
_CLK_HSICmd                              000096e2   defined in ..\..\..\stvd\cosmic\stm8s_clk.o section .text
_CLK_HSIPrescalerConfig                  00009932   defined in ..\..\..\stvd\cosmic\stm8s_clk.o section .text
                                                    used in ..\..\..\stvd\cosmic\main.o
_CLK_ITConfig                            000099ba   defined in ..\..\..\stvd\cosmic\stm8s_clk.o section .text
_CLK_LSICmd                              00009707   defined in ..\..\..\stvd\cosmic\stm8s_clk.o section .text
_CLK_PeripheralClockConfig               0000979b   defined in ..\..\..\stvd\cosmic\stm8s_clk.o section .text
_CLK_SWIMConfig                          00009a7d   defined in ..\..\..\stvd\cosmic\stm8s_clk.o section .text
_CLK_SYSCLKConfig                        00009a19   defined in ..\..\..\stvd\cosmic\stm8s_clk.o section .text
_CLK_SYSCLKEmergencyClear                00009b46   defined in ..\..\..\stvd\cosmic\stm8s_clk.o section .text
_CLK_SlowActiveHaltWakeUpCmd             00009776   defined in ..\..\..\stvd\cosmic\stm8s_clk.o section .text
_Conversion_Value                        00000117   defined in ..\..\..\stvd\cosmic\adc.o section .data, initialized
                                                    used in ..\..\..\stvd\cosmic\stm8s_it.o
_Conversion_Value_IO                     ********   *** removed from ..\..\..\stvd\cosmic\adcio.o ***
_DataReceived                            0000016c   defined in ..\..\..\stvd\cosmic\lin.o section .data, initialized
                                                    used in ..\..\..\stvd\cosmic\stm8s_it.o
_EXTI_DeInit                             0000836a   defined in ..\..\..\stvd\cosmic\stm8s_exti.o section .text
_EXTI_GetExtIntSensitivity               00008442   defined in ..\..\..\stvd\cosmic\stm8s_exti.o section .text
_EXTI_GetTLISensitivity                  000084a0   defined in ..\..\..\stvd\cosmic\stm8s_exti.o section .text
_EXTI_SetExtIntSensitivity               00008373   defined in ..\..\..\stvd\cosmic\stm8s_exti.o section .text
                                                    used in ..\..\..\stvd\cosmic\main.o
_EXTI_SetTLISensitivity                  0000841e   defined in ..\..\..\stvd\cosmic\stm8s_exti.o section .text
_ErrorState                              000001a6   defined in ..\..\..\stvd\cosmic\l99pm62drv.o section .bss
                                                    used in ..\..\..\stvd\cosmic\appli.o
                                                            ..\..\..\stvd\cosmic\can.o
                                                            ..\..\..\stvd\cosmic\lin.o
_FrameReceived                           0000012b   defined in ..\..\..\stvd\cosmic\can.o section .data, initialized
                                                    used in ..\..\..\stvd\cosmic\stm8s_it.o
_GPIO_DeInit                             00009c2d   defined in ..\..\..\stvd\cosmic\stm8s_gpio.o section .text
_GPIO_ExternalPullUpConfig               00009d02   defined in ..\..\..\stvd\cosmic\stm8s_gpio.o section .text
_GPIO_Init                               00009c35   defined in ..\..\..\stvd\cosmic\stm8s_gpio.o section .text
                                                    used in ..\..\..\stvd\cosmic\adc.o
                                                            ..\..\..\stvd\cosmic\main.o
_GPIO_ReadInputData                      00009cf8   defined in ..\..\..\stvd\cosmic\stm8s_gpio.o section .text
_GPIO_ReadInputPin                       00009cfb   defined in ..\..\..\stvd\cosmic\stm8s_gpio.o section .text
                                                    used in ..\..\..\stvd\cosmic\stm8s_it.o
_GPIO_ReadOutputData                     00009cf6   defined in ..\..\..\stvd\cosmic\stm8s_gpio.o section .text
_GPIO_Write                              00009cda   defined in ..\..\..\stvd\cosmic\stm8s_gpio.o section .text
_GPIO_WriteHigh                          00009ce0   defined in ..\..\..\stvd\cosmic\stm8s_gpio.o section .text
                                                    used in ..\..\..\stvd\cosmic\appli.o
                                                            ..\..\..\stvd\cosmic\lin.o
_GPIO_WriteLow                           00009ce7   defined in ..\..\..\stvd\cosmic\stm8s_gpio.o section .text
                                                    used in ..\..\..\stvd\cosmic\appli.o
                                                            ..\..\..\stvd\cosmic\can.o
                                                            ..\..\..\stvd\cosmic\lin.o
_GPIO_WriteReverse                       00009cef   defined in ..\..\..\stvd\cosmic\stm8s_gpio.o section .text
_GetADCData                              0000b00e   defined in ..\..\..\stvd\cosmic\adc.o section .text
                                                    used in ..\..\..\stvd\cosmic\appli.o
_GetADCIOData                            ********   *** removed from ..\..\..\stvd\cosmic\adcio.o ***
_HSIDivFactor                            00008141   defined in ..\..\..\stvd\cosmic\stm8s_clk.o section .const
_HeaderReceived                          0000016d   defined in ..\..\..\stvd\cosmic\lin.o section .data, initialized
                                                    used in ..\..\..\stvd\cosmic\stm8s_it.o
_IdentifierParityError                   0000016f   defined in ..\..\..\stvd\cosmic\lin.o section .data, initialized
                                                    used in ..\..\..\stvd\cosmic\stm8s_it.o
_InitScheduleTable                       0000c208   defined in ..\..\..\stvd\cosmic\lin.o section .text
                                                    used in ..\..\..\stvd\cosmic\main.o
_L99PM62drv_ClearStatusRegisters         0000c087   defined in ..\..\..\stvd\cosmic\l99pm62drv.o section .text
                                                    used in ..\..\..\stvd\cosmic\main.o
_L99PM62drv_EnableBusWakeUp              0000bbd9   defined in ..\..\..\stvd\cosmic\l99pm62drv.o section .text
_L99PM62drv_EnableWakeupSource           0000b798   defined in ..\..\..\stvd\cosmic\l99pm62drv.o section .text
_L99PM62drv_GetControl                   0000bed2   defined in ..\..\..\stvd\cosmic\l99pm62drv.o section .text
_L99PM62drv_GetGlobalStatusRegister      0000bc87   defined in ..\..\..\stvd\cosmic\l99pm62drv.o section .text
_L99PM62drv_Init                         0000b24e   defined in ..\..\..\stvd\cosmic\l99pm62drv.o section .text
                                                    used in ..\..\..\stvd\cosmic\main.o
_L99PM62drv_LinSetup                     0000b8c8   defined in ..\..\..\stvd\cosmic\l99pm62drv.o section .text
_L99PM62drv_ReadClearStatus              0000bd27   defined in ..\..\..\stvd\cosmic\l99pm62drv.o section .text
_L99PM62drv_ReadControl                  0000bdb3   defined in ..\..\..\stvd\cosmic\l99pm62drv.o section .text
_L99PM62drv_ReadStatus                   0000bc9b   defined in ..\..\..\stvd\cosmic\l99pm62drv.o section .text
_L99PM62drv_ReportError                  0000b24c   defined in ..\..\..\stvd\cosmic\l99pm62drv.o section .text
_L99PM62drv_SetCanLoopBackMode           0000c18c   defined in ..\..\..\stvd\cosmic\l99pm62drv.o section .text
_L99PM62drv_SetCanPatternWakeUp          0000c1ad   defined in ..\..\..\stvd\cosmic\l99pm62drv.o section .text
_L99PM62drv_SetCanStandbyMode            0000bc3f   defined in ..\..\..\stvd\cosmic\l99pm62drv.o section .text
_L99PM62drv_SetCyclicWakeUp              0000bb69   defined in ..\..\..\stvd\cosmic\l99pm62drv.o section .text
_L99PM62drv_SetInputFilterMode           0000b82f   defined in ..\..\..\stvd\cosmic\l99pm62drv.o section .text
_L99PM62drv_SetOut1Mode                  0000b38e   defined in ..\..\..\stvd\cosmic\l99pm62drv.o section .text
_L99PM62drv_SetOut2Mode                  0000b3d4   defined in ..\..\..\stvd\cosmic\l99pm62drv.o section .text
_L99PM62drv_SetOut3Mode                  0000b41b   defined in ..\..\..\stvd\cosmic\l99pm62drv.o section .text
_L99PM62drv_SetOut4Mode                  0000b463   defined in ..\..\..\stvd\cosmic\l99pm62drv.o section .text
_L99PM62drv_SetOutHSAutorecovery         0000b532   defined in ..\..\..\stvd\cosmic\l99pm62drv.o section .text
_L99PM62drv_SetOutHSMode                 0000b4b4   defined in ..\..\..\stvd\cosmic\l99pm62drv.o section .text
_L99PM62drv_SetPWMDutyCycle              0000ba2c   defined in ..\..\..\stvd\cosmic\l99pm62drv.o section .text
                                                    used in ..\..\..\stvd\cosmic\appli.o
_L99PM62drv_SetPWMFrequ                  0000b9ed   defined in ..\..\..\stvd\cosmic\l99pm62drv.o section .text
_L99PM62drv_SetRelayOutput               0000b571   defined in ..\..\..\stvd\cosmic\l99pm62drv.o section .text
_L99PM62drv_SetRelayShutdownMode         0000b96f   defined in ..\..\..\stvd\cosmic\l99pm62drv.o section .text
_L99PM62drv_SetResetThresholdLevel       0000b7d3   defined in ..\..\..\stvd\cosmic\l99pm62drv.o section .text
_L99PM62drv_SetStandbyMode               0000b329   defined in ..\..\..\stvd\cosmic\l99pm62drv.o section .text
_L99PM62drv_SetTimer1                    0000b63f   defined in ..\..\..\stvd\cosmic\l99pm62drv.o section .text
_L99PM62drv_SetTimer2                    0000b6b0   defined in ..\..\..\stvd\cosmic\l99pm62drv.o section .text
_L99PM62drv_SetVReg1CurrentMonitorMode   0000b9ae   defined in ..\..\..\stvd\cosmic\l99pm62drv.o section .text
_L99PM62drv_SetVoltageReg2Mode           0000b5ee   defined in ..\..\..\stvd\cosmic\l99pm62drv.o section .text
_L99PM62drv_SetVsLockoutMode             0000b930   defined in ..\..\..\stvd\cosmic\l99pm62drv.o section .text
_L99PM62drv_SetWDTiming                  0000bae1   defined in ..\..\..\stvd\cosmic\l99pm62drv.o section .text
_L99PM62drv_SetWUInputMode               0000b719   defined in ..\..\..\stvd\cosmic\l99pm62drv.o section .text
_L99PM62drv_WdgTrigger                   0000b302   defined in ..\..\..\stvd\cosmic\l99pm62drv.o section .text
                                                    used in ..\..\..\stvd\cosmic\main.o
_L99PM62drv_WriteControl                 0000bf61   defined in ..\..\..\stvd\cosmic\l99pm62drv.o section .text
_LINReceptionTimeout                     00000171   defined in ..\..\..\stvd\cosmic\lin.o section .data, initialized
                                                    used in ..\..\..\stvd\cosmic\stm8s_it.o
_LINReceptionTimeoutValue                00000170   defined in ..\..\..\stvd\cosmic\lin.o section .data, initialized
                                                    used in ..\..\..\stvd\cosmic\stm8s_it.o
_LINScheduleTable                        000001dd   defined in ..\..\..\stvd\cosmic\lin.o section .bss
_LINSlave                                00000172   defined in ..\..\..\stvd\cosmic\lin.o section .data, initialized
                                                    used in ..\..\..\stvd\cosmic\appli.o
                                                            ..\..\..\stvd\cosmic\main.o
                                                            ..\..\..\stvd\cosmic\stm8s_it.o
_LIN_FSM                                 00000211   defined in ..\..\..\stvd\cosmic\lin.o section .bss
_LIN_MasterConfig                        0000c1ce   defined in ..\..\..\stvd\cosmic\lin.o section .text
                                                    used in ..\..\..\stvd\cosmic\main.o
_LIN_ReadData                            0000c7cf   defined in ..\..\..\stvd\cosmic\lin.o section .text
                                                    used in ..\..\..\stvd\cosmic\appli.o
_LIN_SlaveConfig                         0000c279   defined in ..\..\..\stvd\cosmic\lin.o section .text
                                                    used in ..\..\..\stvd\cosmic\main.o
_LIN_Task                                0000c2ac   defined in ..\..\..\stvd\cosmic\lin.o section .text
                                                    used in ..\..\..\stvd\cosmic\main.o
_LIN_WriteData                           0000c7f8   defined in ..\..\..\stvd\cosmic\lin.o section .text
                                                    used in ..\..\..\stvd\cosmic\appli.o
_ReceptionEnable                         00000182   defined in ..\..\..\stvd\cosmic\main.o section .data, initialized
                                                    used in ..\..\..\stvd\cosmic\stm8s_it.o
_ReceptionError                          00000175   defined in ..\..\..\stvd\cosmic\lin.o section .data, initialized
                                                    used in ..\..\..\stvd\cosmic\stm8s_it.o
_SPI_BiDirectionalLineConfig             00009f6b   defined in ..\..\..\stvd\cosmic\stm8s_spi.o section .text
_SPI_CalculateCRCCmd                     00009f14   defined in ..\..\..\stvd\cosmic\stm8s_spi.o section .text
_SPI_ClearFlag                           00009fca   defined in ..\..\..\stvd\cosmic\stm8s_spi.o section .text
_SPI_ClearITPendingBit                   0000a04c   defined in ..\..\..\stvd\cosmic\stm8s_spi.o section .text
_SPI_Cmd                                 00009e5e   defined in ..\..\..\stvd\cosmic\stm8s_spi.o section .text
                                                    used in ..\..\..\stvd\cosmic\main.o
_SPI_DeInit                              00009d41   defined in ..\..\..\stvd\cosmic\stm8s_spi.o section .text
                                                    used in ..\..\..\stvd\cosmic\main.o
_SPI_GetCRC                              00009f39   defined in ..\..\..\stvd\cosmic\stm8s_spi.o section .text
_SPI_GetCRCPolynomial                    00009f67   defined in ..\..\..\stvd\cosmic\stm8s_spi.o section .text
_SPI_GetFlagStatus                       00009f90   defined in ..\..\..\stvd\cosmic\stm8s_spi.o section .text
                                                    used in ..\..\..\stvd\cosmic\l99pm62drv.o
_SPI_GetITStatus                         00009fe9   defined in ..\..\..\stvd\cosmic\stm8s_spi.o section .text
_SPI_ITConfig                            00009e83   defined in ..\..\..\stvd\cosmic\stm8s_spi.o section .text
_SPI_Init                                00009d56   defined in ..\..\..\stvd\cosmic\stm8s_spi.o section .text
                                                    used in ..\..\..\stvd\cosmic\main.o
_SPI_NSSInternalSoftwareCmd              00009eea   defined in ..\..\..\stvd\cosmic\stm8s_spi.o section .text
_SPI_ReceiveData                         00009ee6   defined in ..\..\..\stvd\cosmic\stm8s_spi.o section .text
                                                    used in ..\..\..\stvd\cosmic\l99pm62drv.o
_SPI_ResetCRC                            00009f5e   defined in ..\..\..\stvd\cosmic\stm8s_spi.o section .text
_SPI_SendData                            00009ee2   defined in ..\..\..\stvd\cosmic\stm8s_spi.o section .text
                                                    used in ..\..\..\stvd\cosmic\l99pm62drv.o
_SPI_TransmitCRC                         00009f0f   defined in ..\..\..\stvd\cosmic\stm8s_spi.o section .text
_ST_SPI_Send_16                          0000c0a9   defined in ..\..\..\stvd\cosmic\l99pm62drv.o section .text
_SetAppliTimebaseTick                    0000aea0   defined in ..\..\..\stvd\cosmic\appli.o section .text
                                                    used in ..\..\..\stvd\cosmic\stm8s_it.o
_SetCANTimebaseTick                      0000b23a   defined in ..\..\..\stvd\cosmic\can.o section .text
                                                    used in ..\..\..\stvd\cosmic\stm8s_it.o
_SetLINTimebaseTick                      0000c862   defined in ..\..\..\stvd\cosmic\lin.o section .text
                                                    used in ..\..\..\stvd\cosmic\stm8s_it.o
_StartupCompleted                        00000116   defined in ..\..\..\stvd\cosmic\appli.o section .data, initialized
                                                    used in ..\..\..\stvd\cosmic\l99pm62drv.o
                                                            ..\..\..\stvd\cosmic\main.o
_StartupDisplay                          00000115   defined in ..\..\..\stvd\cosmic\appli.o section .data, initialized
_TIM4_ARRPreloadConfig                   0000a1f8   defined in ..\..\..\stvd\cosmic\stm8s_tim4.o section .text
_TIM4_ClearFlag                          0000a267   defined in ..\..\..\stvd\cosmic\stm8s_tim4.o section .text
                                                    used in ..\..\..\stvd\cosmic\main.o
_TIM4_ClearITPendingBit                  0000a2b2   defined in ..\..\..\stvd\cosmic\stm8s_tim4.o section .text
                                                    used in ..\..\..\stvd\cosmic\stm8s_it.o
_TIM4_Cmd                                0000a0d4   defined in ..\..\..\stvd\cosmic\stm8s_tim4.o section .text
                                                    used in ..\..\..\stvd\cosmic\main.o
_TIM4_DeInit                             0000a07a   defined in ..\..\..\stvd\cosmic\stm8s_tim4.o section .text
_TIM4_GenerateEvent                      0000a21d   defined in ..\..\..\stvd\cosmic\stm8s_tim4.o section .text
_TIM4_GetCounter                         0000a23e   defined in ..\..\..\stvd\cosmic\stm8s_tim4.o section .text
_TIM4_GetFlagStatus                      0000a246   defined in ..\..\..\stvd\cosmic\stm8s_tim4.o section .text
_TIM4_GetITStatus                        0000a281   defined in ..\..\..\stvd\cosmic\stm8s_tim4.o section .text
_TIM4_GetPrescaler                       0000a242   defined in ..\..\..\stvd\cosmic\stm8s_tim4.o section .text
_TIM4_ITConfig                           0000a0f9   defined in ..\..\..\stvd\cosmic\stm8s_tim4.o section .text
                                                    used in ..\..\..\stvd\cosmic\main.o
_TIM4_PrescalerConfig                    0000a1a7   defined in ..\..\..\stvd\cosmic\stm8s_tim4.o section .text
_TIM4_SelectOnePulseMode                 0000a181   defined in ..\..\..\stvd\cosmic\stm8s_tim4.o section .text
_TIM4_SetAutoreload                      0000a23a   defined in ..\..\..\stvd\cosmic\stm8s_tim4.o section .text
_TIM4_SetCounter                         0000a236   defined in ..\..\..\stvd\cosmic\stm8s_tim4.o section .text
_TIM4_TimeBaseInit                       0000a093   defined in ..\..\..\stvd\cosmic\stm8s_tim4.o section .text
                                                    used in ..\..\..\stvd\cosmic\main.o
_TIM4_UpdateDisableConfig                0000a137   defined in ..\..\..\stvd\cosmic\stm8s_tim4.o section .text
_TIM4_UpdateRequestConfig                0000a15c   defined in ..\..\..\stvd\cosmic\stm8s_tim4.o section .text
_TimingDelay_Decrement                   0000ca17   defined in ..\..\..\stvd\cosmic\main.o section .text
                                                    used in ..\..\..\stvd\cosmic\stm8s_it.o
_TransmissionEnable                      0000012c   defined in ..\..\..\stvd\cosmic\can.o section .data, initialized
                                                    used in ..\..\..\stvd\cosmic\appli.o
                                                            ..\..\..\stvd\cosmic\main.o
_UART3Data                               00000174   defined in ..\..\..\stvd\cosmic\lin.o section .data, initialized
                                                    used in ..\..\..\stvd\cosmic\stm8s_it.o
_UART3_BDIE                              0000c7bc   defined in ..\..\..\stvd\cosmic\lin.o section .text
                                                    used in ..\..\..\stvd\cosmic\stm8s_it.o
_UART3_ClearFlag                         0000a742   defined in ..\..\..\stvd\cosmic\stm8s_uart3.o section .text
_UART3_ClearITPendingBit                 0000a840   defined in ..\..\..\stvd\cosmic\stm8s_uart3.o section .text
_UART3_Cmd                               0000a47c   defined in ..\..\..\stvd\cosmic\stm8s_uart3.o section .text
_UART3_DeInit                            0000a2cc   defined in ..\..\..\stvd\cosmic\stm8s_uart3.o section .text
                                                    used in ..\..\..\stvd\cosmic\lin.o
_UART3_GetFlagStatus                     0000a6b6   defined in ..\..\..\stvd\cosmic\stm8s_uart3.o section .text
_UART3_GetITStatus                       0000a78e   defined in ..\..\..\stvd\cosmic\stm8s_uart3.o section .text
_UART3_ITConfig                          0000a489   defined in ..\..\..\stvd\cosmic\stm8s_uart3.o section .text
                                                    used in ..\..\..\stvd\cosmic\lin.o
_UART3_Init                              0000a2ef   defined in ..\..\..\stvd\cosmic\stm8s_uart3.o section .text
                                                    used in ..\..\..\stvd\cosmic\lin.o
_UART3_LINBreakDetectionConfig           0000a54f   defined in ..\..\..\stvd\cosmic\stm8s_uart3.o section .text
                                                    used in ..\..\..\stvd\cosmic\lin.o
_UART3_LINCmd                            0000a5e3   defined in ..\..\..\stvd\cosmic\stm8s_uart3.o section .text
                                                    used in ..\..\..\stvd\cosmic\lin.o
_UART3_LINConfig                         0000a574   defined in ..\..\..\stvd\cosmic\stm8s_uart3.o section .text
                                                    used in ..\..\..\stvd\cosmic\lin.o
_UART3_ReceiveData8                      0000a651   defined in ..\..\..\stvd\cosmic\stm8s_uart3.o section .text
_UART3_ReceiveData9                      0000a655   defined in ..\..\..\stvd\cosmic\stm8s_uart3.o section .text
_UART3_ReceiverWakeUpCmd                 0000a62c   defined in ..\..\..\stvd\cosmic\stm8s_uart3.o section .text
                                                    used in ..\..\..\stvd\cosmic\lin.o
_UART3_SR_Buf                            00000173   defined in ..\..\..\stvd\cosmic\lin.o section .data, initialized
                                                    used in ..\..\..\stvd\cosmic\stm8s_it.o
_UART3_SendBreak                         0000a68c   defined in ..\..\..\stvd\cosmic\stm8s_uart3.o section .text
                                                    used in ..\..\..\stvd\cosmic\lin.o
_UART3_SendData8                         0000a671   defined in ..\..\..\stvd\cosmic\stm8s_uart3.o section .text
                                                    used in ..\..\..\stvd\cosmic\lin.o
_UART3_SendData9                         0000a675   defined in ..\..\..\stvd\cosmic\stm8s_uart3.o section .text
_UART3_SetAddress                        0000a691   defined in ..\..\..\stvd\cosmic\stm8s_uart3.o section .text
_UART3_WakeUpConfig                      0000a608   defined in ..\..\..\stvd\cosmic\stm8s_uart3.o section .text
_UserButton1                             00000185   defined in ..\..\..\stvd\cosmic\appli.o section .bss
                                                    used in ..\..\..\stvd\cosmic\stm8s_it.o
_UserButton2                             00000184   defined in ..\..\..\stvd\cosmic\appli.o section .bss
                                                    used in ..\..\..\stvd\cosmic\stm8s_it.o
_WdgAutoDecrement                        0000c9ef   defined in ..\..\..\stvd\cosmic\main.o section .text
                                                    used in ..\..\..\stvd\cosmic\stm8s_it.o
__DLC                                    00000106   defined in ..\..\..\stvd\cosmic\stm8s_can.o section .data, initialized
__Data                                   00000107   defined in ..\..\..\stvd\cosmic\stm8s_can.o section .data, initialized
__FMI                                    0000010f   defined in ..\..\..\stvd\cosmic\stm8s_can.o section .data, initialized
__IDE                                    00000104   defined in ..\..\..\stvd\cosmic\stm8s_can.o section .data, initialized
__Id                                     00000100   defined in ..\..\..\stvd\cosmic\stm8s_can.o section .data, initialized
__RTR                                    00000105   defined in ..\..\..\stvd\cosmic\stm8s_can.o section .data, initialized
__endmem                                 000013ff   defined in command file
                                                    *** not used ***
__endzp                                  0000000a   defined in command file section .ubsct
                                                    used in C:\Program Files (x86)\COSMIC\FSE_Compilers\CXSTM8\Lib\crtsi0.sm8
__idesc__                                0000828e   defined in linker section .init
                                                    used in C:\Program Files (x86)\COSMIC\FSE_Compilers\CXSTM8\Lib\crtsi0.sm8
__memory                                 00000212   defined in command file section .bss
                                                    used in C:\Program Files (x86)\COSMIC\FSE_Compilers\CXSTM8\Lib\crtsi0.sm8
__stack                                  00000fff   defined in command file
                                                    used in C:\Program Files (x86)\COSMIC\FSE_Compilers\CXSTM8\Lib\crtsi0.sm8
__startmem                               00000212   defined in command file section .bss
                                                    *** not used ***
__stext                                  0000831a   defined in C:\Program Files (x86)\COSMIC\FSE_Compilers\CXSTM8\Lib\crtsi0.sm8 section .text
                                                    used in ..\..\..\stvd\cosmic\stm8_interrupt_vector.o
__vectab                                 00008000   defined in ..\..\..\stvd\cosmic\stm8_interrupt_vector.o section .const
_assert_failed                           0000ca38   defined in ..\..\..\stvd\cosmic\main.o section .text
                                                    used in ..\..\..\stvd\cosmic\stm8s_exti.o
                                                            ..\..\..\stvd\cosmic\stm8s_adc2.o
                                                            ..\..\..\stvd\cosmic\stm8s_can.o
                                                            ..\..\..\stvd\cosmic\stm8s_clk.o
                                                            ..\..\..\stvd\cosmic\stm8s_gpio.o
                                                            ..\..\..\stvd\cosmic\stm8s_spi.o
                                                            ..\..\..\stvd\cosmic\stm8s_tim4.o
                                                            ..\..\..\stvd\cosmic\stm8s_uart3.o
_count                                   00000130   defined in ..\..\..\stvd\cosmic\l99pm62drv.o section .data, initialized
_exit                                    00008368   defined in C:\Program Files (x86)\COSMIC\FSE_Compilers\CXSTM8\Lib\crtsi0.sm8 section .text
_main                                    0000c87e   defined in ..\..\..\stvd\cosmic\main.o section .text
                                                    used in C:\Program Files (x86)\COSMIC\FSE_Compilers\CXSTM8\Lib\crtsi0.sm8
c_divsl                                  0000cd7b   defined in (C:\Program Files (x86)\COSMIC\FSE_Compilers\CXSTM8\Lib\libm0.sm8)ldiv.o section .text
                                                    *** not used ***
c_divul                                  0000cd92   defined in (C:\Program Files (x86)\COSMIC\FSE_Compilers\CXSTM8\Lib\libm0.sm8)ldiv.o section .text
                                                    used in (C:\Program Files (x86)\COSMIC\FSE_Compilers\CXSTM8\Lib\libm0.sm8)ludiv.o
c_fdiv                                   0000cbbe   defined in (C:\Program Files (x86)\COSMIC\FSE_Compilers\CXSTM8\Lib\libm0.sm8)fdiv.o section .text
                                                    used in ..\..\..\stvd\cosmic\appli.o
c_ftoi                                   0000cc42   defined in (C:\Program Files (x86)\COSMIC\FSE_Compilers\CXSTM8\Lib\libm0.sm8)ftol.o section .text
                                                    *** not used ***
c_ftol                                   0000cc48   defined in (C:\Program Files (x86)\COSMIC\FSE_Compilers\CXSTM8\Lib\libm0.sm8)ftol.o section .text
                                                    used in ..\..\..\stvd\cosmic\appli.o
c_itof                                   0000cca4   defined in (C:\Program Files (x86)\COSMIC\FSE_Compilers\CXSTM8\Lib\libm0.sm8)itof.o section .text
                                                    used in ..\..\..\stvd\cosmic\appli.o
c_lcmp                                   0000ccd2   defined in (C:\Program Files (x86)\COSMIC\FSE_Compilers\CXSTM8\Lib\libm0.sm8)lcmp.o section .text
                                                    used in ..\..\..\stvd\cosmic\stm8s_can.o
                                                            ..\..\..\stvd\cosmic\stm8s_uart3.o
c_lgneg                                  0000ce66   defined in (C:\Program Files (x86)\COSMIC\FSE_Compilers\CXSTM8\Lib\libm0.sm8)lgneg.o section .text
                                                    used in (C:\Program Files (x86)\COSMIC\FSE_Compilers\CXSTM8\Lib\libm0.sm8)ldiv.o
c_lgsbc                                  0000ccf2   defined in (C:\Program Files (x86)\COSMIC\FSE_Compilers\CXSTM8\Lib\libm0.sm8)lgsbc.o section .text
                                                    used in ..\..\..\stvd\cosmic\main.o
c_lgursh                                 0000cd08   defined in (C:\Program Files (x86)\COSMIC\FSE_Compilers\CXSTM8\Lib\libm0.sm8)lgursh.o section .text
                                                    used in ..\..\..\stvd\cosmic\stm8s_can.o
c_llsh                                   0000cd16   defined in (C:\Program Files (x86)\COSMIC\FSE_Compilers\CXSTM8\Lib\libm0.sm8)llsh.o section .text
                                                    used in ..\..\..\stvd\cosmic\stm8s_can.o
                                                            ..\..\..\stvd\cosmic\stm8s_uart3.o
c_lneg                                   0000ce79   defined in (C:\Program Files (x86)\COSMIC\FSE_Compilers\CXSTM8\Lib\libm0.sm8)lneg.o section .text
                                                    used in (C:\Program Files (x86)\COSMIC\FSE_Compilers\CXSTM8\Lib\libm0.sm8)ldiv.o
c_lor                                    0000cd25   defined in (C:\Program Files (x86)\COSMIC\FSE_Compilers\CXSTM8\Lib\libm0.sm8)lor.o section .text
                                                    used in ..\..\..\stvd\cosmic\stm8s_can.o
c_lreg                                   00000000   defined in (C:\Program Files (x86)\COSMIC\FSE_Compilers\CXSTM8\Lib\libm0.sm8)lreg.o section .ubsct
                                                    used in ..\..\..\stvd\cosmic\stm8s_can.o
                                                            ..\..\..\stvd\cosmic\stm8s_clk.o
                                                            ..\..\..\stvd\cosmic\stm8s_uart3.o
                                                            ..\..\..\stvd\cosmic\appli.o
                                                            ..\..\..\stvd\cosmic\can.o
                                                            (C:\Program Files (x86)\COSMIC\FSE_Compilers\CXSTM8\Lib\libm0.sm8)fdiv.o
                                                            (C:\Program Files (x86)\COSMIC\FSE_Compilers\CXSTM8\Lib\libm0.sm8)ftol.o
                                                            (C:\Program Files (x86)\COSMIC\FSE_Compilers\CXSTM8\Lib\libm0.sm8)itof.o
                                                            (C:\Program Files (x86)\COSMIC\FSE_Compilers\CXSTM8\Lib\libm0.sm8)lcmp.o
                                                            (C:\Program Files (x86)\COSMIC\FSE_Compilers\CXSTM8\Lib\libm0.sm8)llsh.o
                                                            (C:\Program Files (x86)\COSMIC\FSE_Compilers\CXSTM8\Lib\libm0.sm8)lor.o
                                                            (C:\Program Files (x86)\COSMIC\FSE_Compilers\CXSTM8\Lib\libm0.sm8)lsub.o
                                                            (C:\Program Files (x86)\COSMIC\FSE_Compilers\CXSTM8\Lib\libm0.sm8)ltor.o
                                                            (C:\Program Files (x86)\COSMIC\FSE_Compilers\CXSTM8\Lib\libm0.sm8)ldiv.o
                                                            (C:\Program Files (x86)\COSMIC\FSE_Compilers\CXSTM8\Lib\libm0.sm8)lneg.o
                                                            (C:\Program Files (x86)\COSMIC\FSE_Compilers\CXSTM8\Lib\libm0.sm8)lursh.o
                                                            (C:\Program Files (x86)\COSMIC\FSE_Compilers\CXSTM8\Lib\libm0.sm8)rtol.o
                                                            (C:\Program Files (x86)\COSMIC\FSE_Compilers\CXSTM8\Lib\libm0.sm8)smul.o
                                                            (C:\Program Files (x86)\COSMIC\FSE_Compilers\CXSTM8\Lib\libm0.sm8)utol.o
                                                            (C:\Program Files (x86)\COSMIC\FSE_Compilers\CXSTM8\Lib\libm0.sm8)utolx.o
                                                            (C:\Program Files (x86)\COSMIC\FSE_Compilers\CXSTM8\Lib\libm0.sm8)umul.o
c_lsub                                   0000cd3d   defined in (C:\Program Files (x86)\COSMIC\FSE_Compilers\CXSTM8\Lib\libm0.sm8)lsub.o section .text
                                                    used in ..\..\..\stvd\cosmic\stm8s_uart3.o
c_ltor                                   0000cd55   defined in (C:\Program Files (x86)\COSMIC\FSE_Compilers\CXSTM8\Lib\libm0.sm8)ltor.o section .text
                                                    used in ..\..\..\stvd\cosmic\stm8s_can.o
                                                            ..\..\..\stvd\cosmic\stm8s_clk.o
                                                            ..\..\..\stvd\cosmic\stm8s_uart3.o
c_ludv                                   0000cd67   defined in (C:\Program Files (x86)\COSMIC\FSE_Compilers\CXSTM8\Lib\libm0.sm8)ludiv.o section .text
                                                    used in ..\..\..\stvd\cosmic\stm8s_clk.o
                                                            ..\..\..\stvd\cosmic\stm8s_uart3.o
c_lursh                                  0000ce8e   defined in (C:\Program Files (x86)\COSMIC\FSE_Compilers\CXSTM8\Lib\libm0.sm8)lursh.o section .text
                                                    used in ..\..\..\stvd\cosmic\stm8s_can.o
                                                            ..\..\..\stvd\cosmic\stm8s_uart3.o
c_lzmp                                   0000ce9d   defined in (C:\Program Files (x86)\COSMIC\FSE_Compilers\CXSTM8\Lib\libm0.sm8)lzmp.o section .text
                                                    used in ..\..\..\stvd\cosmic\main.o
c_okdiv                                  0000cbce   defined in (C:\Program Files (x86)\COSMIC\FSE_Compilers\CXSTM8\Lib\libm0.sm8)fdiv.o section .text
                                                    *** not used ***
c_rtol                                   0000ceb0   defined in (C:\Program Files (x86)\COSMIC\FSE_Compilers\CXSTM8\Lib\libm0.sm8)rtol.o section .text
                                                    used in ..\..\..\stvd\cosmic\stm8s_can.o
                                                            ..\..\..\stvd\cosmic\stm8s_clk.o
                                                            ..\..\..\stvd\cosmic\stm8s_uart3.o
c_smul                                   0000cec2   defined in (C:\Program Files (x86)\COSMIC\FSE_Compilers\CXSTM8\Lib\libm0.sm8)smul.o section .text
                                                    used in ..\..\..\stvd\cosmic\stm8s_uart3.o
c_uitol                                  0000cf01   defined in (C:\Program Files (x86)\COSMIC\FSE_Compilers\CXSTM8\Lib\libm0.sm8)utol.o section .text
                                                    used in ..\..\..\stvd\cosmic\stm8s_can.o
c_uitolx                                 0000cf0c   defined in (C:\Program Files (x86)\COSMIC\FSE_Compilers\CXSTM8\Lib\libm0.sm8)utolx.o section .text
                                                    used in ..\..\..\stvd\cosmic\stm8s_can.o
c_umul                                   0000cf13   defined in (C:\Program Files (x86)\COSMIC\FSE_Compilers\CXSTM8\Lib\libm0.sm8)umul.o section .text
                                                    used in ..\..\..\stvd\cosmic\stm8s_can.o
c_x                                      00000004   defined in (C:\Program Files (x86)\COSMIC\FSE_Compilers\CXSTM8\Lib\libm0.sm8)xreg.o section .ubsct
                                                    used in C:\Program Files (x86)\COSMIC\FSE_Compilers\CXSTM8\Lib\crtsi0.sm8
                                                            ..\..\..\stvd\cosmic\lin.o
                                                            ..\..\..\stvd\cosmic\stm8s_it.o
                                                            (C:\Program Files (x86)\COSMIC\FSE_Compilers\CXSTM8\Lib\libm0.sm8)fdiv.o
                                                            (C:\Program Files (x86)\COSMIC\FSE_Compilers\CXSTM8\Lib\libm0.sm8)ldiv.o
                                                            (C:\Program Files (x86)\COSMIC\FSE_Compilers\CXSTM8\Lib\libm0.sm8)umul.o
c_y                                      00000007   defined in (C:\Program Files (x86)\COSMIC\FSE_Compilers\CXSTM8\Lib\libm0.sm8)yreg.o section .ubsct
                                                    used in C:\Program Files (x86)\COSMIC\FSE_Compilers\CXSTM8\Lib\crtsi0.sm8
                                                            ..\..\..\stvd\cosmic\stm8s_it.o
                                                            (C:\Program Files (x86)\COSMIC\FSE_Compilers\CXSTM8\Lib\libm0.sm8)umul.o
f_ADC2_IRQHandler                        0000cb47   defined in ..\..\..\stvd\cosmic\stm8s_it.o section .text
                                                    used in ..\..\..\stvd\cosmic\stm8_interrupt_vector.o
f_AWU_IRQHandler                         0000ca3d   defined in ..\..\..\stvd\cosmic\stm8s_it.o section .text
                                                    used in ..\..\..\stvd\cosmic\stm8_interrupt_vector.o
f_CAN_RX_IRQHandler                      0000ca84   defined in ..\..\..\stvd\cosmic\stm8s_it.o section .text
                                                    used in ..\..\..\stvd\cosmic\stm8_interrupt_vector.o
f_CAN_TX_IRQHandler                      0000caae   defined in ..\..\..\stvd\cosmic\stm8s_it.o section .text
                                                    used in ..\..\..\stvd\cosmic\stm8_interrupt_vector.o
f_CLK_IRQHandler                         0000ca3e   defined in ..\..\..\stvd\cosmic\stm8s_it.o section .text
                                                    used in ..\..\..\stvd\cosmic\stm8_interrupt_vector.o
f_EEPROM_EEC_IRQHandler                  0000cbbd   defined in ..\..\..\stvd\cosmic\stm8s_it.o section .text
                                                    used in ..\..\..\stvd\cosmic\stm8_interrupt_vector.o
f_EXTI_PORTA_IRQHandler                  0000ca3f   defined in ..\..\..\stvd\cosmic\stm8s_it.o section .text
                                                    used in ..\..\..\stvd\cosmic\stm8_interrupt_vector.o
f_EXTI_PORTB_IRQHandler                  0000ca40   defined in ..\..\..\stvd\cosmic\stm8s_it.o section .text
                                                    used in ..\..\..\stvd\cosmic\stm8_interrupt_vector.o
f_EXTI_PORTC_IRQHandler                  0000ca41   defined in ..\..\..\stvd\cosmic\stm8s_it.o section .text
                                                    used in ..\..\..\stvd\cosmic\stm8_interrupt_vector.o
f_EXTI_PORTD_IRQHandler                  0000ca42   defined in ..\..\..\stvd\cosmic\stm8s_it.o section .text
                                                    used in ..\..\..\stvd\cosmic\stm8_interrupt_vector.o
f_EXTI_PORTE_IRQHandler                  0000ca43   defined in ..\..\..\stvd\cosmic\stm8s_it.o section .text
                                                    used in ..\..\..\stvd\cosmic\stm8_interrupt_vector.o
f_I2C_IRQHandler                         0000cab8   defined in ..\..\..\stvd\cosmic\stm8s_it.o section .text
                                                    used in ..\..\..\stvd\cosmic\stm8_interrupt_vector.o
f_NonHandledInterrupt                    0000ca3a   defined in ..\..\..\stvd\cosmic\stm8s_it.o section .text
                                                    used in ..\..\..\stvd\cosmic\stm8_interrupt_vector.o
f_SPI_IRQHandler                         0000caaf   defined in ..\..\..\stvd\cosmic\stm8s_it.o section .text
                                                    used in ..\..\..\stvd\cosmic\stm8_interrupt_vector.o
f_TIM1_CAP_COM_IRQHandler                0000cab1   defined in ..\..\..\stvd\cosmic\stm8s_it.o section .text
                                                    used in ..\..\..\stvd\cosmic\stm8_interrupt_vector.o
f_TIM1_UPD_OVF_TRG_BRK_IRQHandler        0000cab0   defined in ..\..\..\stvd\cosmic\stm8s_it.o section .text
                                                    used in ..\..\..\stvd\cosmic\stm8_interrupt_vector.o
f_TIM2_CAP_COM_IRQHandler                0000cab3   defined in ..\..\..\stvd\cosmic\stm8s_it.o section .text
                                                    used in ..\..\..\stvd\cosmic\stm8_interrupt_vector.o
f_TIM2_UPD_OVF_BRK_IRQHandler            0000cab2   defined in ..\..\..\stvd\cosmic\stm8s_it.o section .text
                                                    used in ..\..\..\stvd\cosmic\stm8_interrupt_vector.o
f_TIM3_CAP_COM_IRQHandler                0000cab5   defined in ..\..\..\stvd\cosmic\stm8s_it.o section .text
                                                    used in ..\..\..\stvd\cosmic\stm8_interrupt_vector.o
f_TIM3_UPD_OVF_BRK_IRQHandler            0000cab4   defined in ..\..\..\stvd\cosmic\stm8s_it.o section .text
                                                    used in ..\..\..\stvd\cosmic\stm8_interrupt_vector.o
f_TIM4_UPD_OVF_IRQHandler                0000cb6f   defined in ..\..\..\stvd\cosmic\stm8s_it.o section .text
                                                    used in ..\..\..\stvd\cosmic\stm8_interrupt_vector.o
f_TLI_IRQHandler                         0000ca3c   defined in ..\..\..\stvd\cosmic\stm8s_it.o section .text
                                                    used in ..\..\..\stvd\cosmic\stm8_interrupt_vector.o
f_TRAP_IRQHandler                        0000ca3b   defined in ..\..\..\stvd\cosmic\stm8s_it.o section .text
                                                    used in ..\..\..\stvd\cosmic\stm8_interrupt_vector.o
f_UART1_RX_IRQHandler                    0000cab7   defined in ..\..\..\stvd\cosmic\stm8s_it.o section .text
                                                    used in ..\..\..\stvd\cosmic\stm8_interrupt_vector.o
f_UART1_TX_IRQHandler                    0000cab6   defined in ..\..\..\stvd\cosmic\stm8s_it.o section .text
                                                    used in ..\..\..\stvd\cosmic\stm8_interrupt_vector.o
f_UART3_RX_IRQHandler                    0000caba   defined in ..\..\..\stvd\cosmic\stm8s_it.o section .text
                                                    used in ..\..\..\stvd\cosmic\stm8_interrupt_vector.o
f_UART3_TX_IRQHandler                    0000cab9   defined in ..\..\..\stvd\cosmic\stm8s_it.o section .text
                                                    used in ..\..\..\stvd\cosmic\stm8_interrupt_vector.o
